location: clients/tests/test-client.py:986:test_004()/63
cmd: $NMCLI --pretty -f COMMON device wifi list
lang: C
returncode: 0
stdout: 996 bytes
>>>
===========================
  Wi-Fi scan list (wlan1)
===========================
IN-USE  SSID        MODE   CHAN  RATE       SIGNAL  BARS  SECURITY  
------------------------------------------------------------------------------------------------
        wlan1-ap-4  Infra  1     54 Mbit/s  48      **    WPA1 WPA2 

===========================
  Wi-Fi scan list (wlan1)
===========================
IN-USE  SSID  MODE  CHAN  RATE  SIGNAL  BARS  SECURITY 
-----------------------------------------------------------------------------------

===========================
  Wi-Fi scan list (wlan0)
===========================
IN-USE  SSID        MODE   CHAN  RATE       SIGNAL  BARS  SECURITY  
------------------------------------------------------------------------------------------------
        wlan0-ap-2  Infra  1     54 Mbit/s  92      ****  WPA1 WPA2 
        wlan0-ap-1  Infra  1     54 Mbit/s  81      ****  WPA1 WPA2 
        wlan0-ap-3  Infra  1     54 Mbit/s  55      **    WPA1 WPA2 

<<<
stderr: 0 bytes
>>>

<<<
