location: clients/tests/test-client.py:851:test_003()/29
cmd: $NMCLI -f ALL dev s eth0
lang: pl_PL.UTF-8
returncode: 0
stdout: 1061 bytes
>>>
DEVICE  TYPE      STATE        DBUS-PATH                                  CONNECTION  CON-UUID                              CON-PATH                                           
eth1    ethernet  niedostępne  /org/freedesktop/NetworkManager/Devices/2  --          --                                    --                                                 
wlan0   wifi      niedostępne  /org/freedesktop/NetworkManager/Devices/3  --          --                                    --                                                 
wlan1   wifi      niedostępne  /org/freedesktop/NetworkManager/Devices/4  --          --                                    --                                                 
wlan1   wifi      niedostępne  /org/freedesktop/NetworkManager/Devices/5  --          --                                    --                                                 
eth0    ethernet  niedostępne  /org/freedesktop/NetworkManager/Devices/1  ethernet    UUID-ethernet-REPLACED-REPLACED-REPL  /org/freedesktop/NetworkManager/ActiveConnection/1 

<<<
stderr: 24 bytes
>>>
Nieznany parametr: eth0

<<<
