location: clients/tests/test-client.py:827:test_003()/36
cmd: $NMCLI con
lang: pl_PL.UTF-8
returncode: 0
stdout: 330 bytes
>>>
NAME      UUID                                  TYPE      DEVICE 
ethernet  UUID-ethernet-REPLACED-REPLACED-REPL  ethernet  eth0   
ethernet  UUID-ethernet-REPLACED-REPLACED-REPL  ethernet  eth1   
con-1     5fcfd6d7-1e63-3332-8826-a7eda103792d  ethernet  --     
con-xx1   UUID-con-xx1-REPLACED-REPLACED-REPLA  ethernet  --     

<<<
stderr: 0 bytes
>>>

<<<
