location: clients/tests/test-client.py:804:test_003()/6
cmd: $NMCLI c s
lang: pl_PL.UTF-8
returncode: 0
stdout: 264 bytes
>>>
NAME      UUID                                  TYPE      DEVICE 
con-1     5fcfd6d7-1e63-3332-8826-a7eda103792d  ethernet  --     
con-xx1   UUID-con-xx1-REPLACED-REPLACED-REPLA  ethernet  --     
ethernet  UUID-ethernet-REPLACED-REPLACED-REPL  ethernet  --     

<<<
stderr: 0 bytes
>>>

<<<
