location: clients/tests/test-client.py:692:test_003()/76
cmd: $NMCLI -f UUID,TYPE --mode tabular --pretty con
lang: de_DE.utf8
returncode: 0
stdout: 390 bytes
>>>
=====================================
  NetworkManager Verbindungsprofile
=====================================
UUID                                  TYPE     
-------------------------------------------------------------------------------------
UUID-ethernet-REPLACED-REPLACED-REPL  ethernet 
5fcfd6d7-1e63-3332-8826-a7eda103792d  ethernet 
UUID-con-xx1-REPLACED-REPLACED-REPLA  ethernet 

<<<
stderr: 0 bytes
>>>

<<<
