location: clients/tests/test-client.py:884:test_003()/353
cmd: $NMCLI --mode tabular --terse --color yes c s /org/freedesktop/NetworkManager/ActiveConnection/1
lang: C
returncode: 0
stdout: 189 bytes
>>>
GENERAL:ethernet:UUID-ethernet-REPLACED-REPLACED-REPL:eth0:deactivating:no:no::no:/org/freedesktop/NetworkManager/ActiveConnection/1:/org/freedesktop/NetworkManager/Settings/Connection/3::

<<<
stderr: 0 bytes
>>>

<<<
