location: clients/tests/test-client.py:914:test_004()/3
cmd: $NMCLI connection mod con-xx1 ipv4.gateway 172.16.0.1
lang: pl_PL.UTF-8
returncode: 1
stdout: 0 bytes
>>>

<<<
stderr: 143 bytes
>>>
Błąd: zmodyfikowanie połączenia „con-xx1” się nie powiodło: ipv4.gateway: gateway cannot be set if there are no addresses configured

<<<
