location: clients/tests/test-client.py:880:test_003()/85
cmd: $NMCLI -f UUID,TYPE --mode multiline --terse con
lang: C
returncode: 0
stdout: 124 bytes
>>>
UUID:5fcfd6d7-1e63-3332-8826-a7eda103792d
TYPE:802-3-ethernet
UUID:UUID-con-xx1-REPLACED-REPLACED-REPLA
TYPE:802-3-ethernet

<<<
stderr: 0 bytes
>>>

<<<
