location: clients/tests/test-client.py:761:test_001()/16
cmd: $NMCLI --mode tabular general permissions
lang: pl_PL.UTF-8
returncode: 0
stdout: 1292 bytes
>>>
PERMISSION                                                        VALUE    
org.freedesktop.NetworkManager.enable-disable-network             tak      
org.freedesktop.NetworkManager.enable-disable-wifi                tak      
org.freedesktop.NetworkManager.enable-disable-wwan                tak      
org.freedesktop.NetworkManager.enable-disable-wimax               tak      
org.freedesktop.NetworkManager.sleep-wake                         nie      
org.freedesktop.NetworkManager.network-control                    tak      
org.freedesktop.NetworkManager.wifi.share.protected               tak      
org.freedesktop.NetworkManager.wifi.share.open                    tak      
org.freedesktop.NetworkManager.settings.modify.system             tak      
org.freedesktop.NetworkManager.settings.modify.own                tak      
org.freedesktop.NetworkManager.settings.modify.hostname           tak      
org.freedesktop.NetworkManager.settings.modify.global-dns         nie      
org.freedesktop.NetworkManager.reload                             nie      
org.freedesktop.NetworkManager.checkpoint-rollback                nieznane 
org.freedesktop.NetworkManager.enable-disable-statistics          nieznane 
org.freedesktop.NetworkManager.enable-disable-connectivity-check  nieznane 

<<<
stderr: 0 bytes
>>>

<<<
