location: clients/tests/test-client.py:764:test_001()/32
cmd: $NMCLI --mode tabular --terse --color yes general permissions
lang: pl_PL.UTF-8
returncode: 0
stdout: 1016 bytes
>>>
org.freedesktop.NetworkManager.enable-disable-network:[32myes[0m
org.freedesktop.NetworkManager.enable-disable-wifi:[32myes[0m
org.freedesktop.NetworkManager.enable-disable-wwan:[32myes[0m
org.freedesktop.NetworkManager.enable-disable-wimax:[32myes[0m
org.freedesktop.NetworkManager.sleep-wake:[31mno[0m
org.freedesktop.NetworkManager.network-control:[32myes[0m
org.freedesktop.NetworkManager.wifi.share.protected:[32myes[0m
org.freedesktop.NetworkManager.wifi.share.open:[32myes[0m
org.freedesktop.NetworkManager.settings.modify.system:[32myes[0m
org.freedesktop.NetworkManager.settings.modify.own:[32myes[0m
org.freedesktop.NetworkManager.settings.modify.hostname:[32myes[0m
org.freedesktop.NetworkManager.settings.modify.global-dns:[31mno[0m
org.freedesktop.NetworkManager.reload:[31mno[0m
org.freedesktop.NetworkManager.checkpoint-rollback:unknown
org.freedesktop.NetworkManager.enable-disable-statistics:unknown
org.freedesktop.NetworkManager.enable-disable-connectivity-check:unknown

<<<
stderr: 0 bytes
>>>

<<<
