location: clients/tests/test-client.py:986:test_004()/99
cmd: $NMCLI --mode tabular -f COMMON device wifi list
lang: C
returncode: 0
stdout: 472 bytes
>>>
IN-USE  SSID        MODE   CHAN  RATE       SIGNAL  BARS  SECURITY  
        wlan1-ap-4  Infra  1     54 Mbit/s  48      **    WPA1 WPA2 

IN-USE  SSID  MODE  CHAN  RATE  SIGNAL  BARS  SECURITY 

IN-USE  SSID        MODE   CHAN  RATE       SIGNAL  BARS  SECURITY  
        wlan0-ap-2  Infra  1     54 Mbit/s  92      ****  WPA1 WPA2 
        wlan0-ap-1  Infra  1     54 Mbit/s  81      ****  WPA1 WPA2 
        wlan0-ap-3  Infra  1     54 Mbit/s  55      **    WPA1 WPA2 

<<<
stderr: 0 bytes
>>>

<<<
