location: clients/tests/test-client.py:875:test_003()/378
cmd: $NMCLI --mode multiline --pretty -f ALL con
lang: pl_PL.UTF-8
returncode: 0
stdout: 3813 bytes
>>>
===============================================================================
                    Profile połączeń usługi NetworkManager
===============================================================================
NAME:                                   ethernet
UUID:                                   UUID-ethernet-REPLACED-REPLACED-REPL
TYPE:                                   ethernet
TIMESTAMP:                              --
TIMESTAMP-REAL:                         --
AUTOCONNECT:                            --
AUTOCONNECT-PRIORITY:                   --
READONLY:                               --
DBUS-PATH:                              /org/freedesktop/NetworkManager/Settings/Connection/3
ACTIVE:                                 tak
DEVICE:                                 eth1
STATE:                                  aktywowano
ACTIVE-PATH:                            /org/freedesktop/NetworkManager/ActiveConnection/2
SLAVE:                                  --
FILENAME:                               /etc/NetworkManager/system-connections/ethernet
-------------------------------------------------------------------------------
NAME:                                   ethernet
UUID:                                   UUID-ethernet-REPLACED-REPLACED-REPL
TYPE:                                   ethernet
TIMESTAMP:                              --
TIMESTAMP-REAL:                         --
AUTOCONNECT:                            --
AUTOCONNECT-PRIORITY:                   --
READONLY:                               --
DBUS-PATH:                              /org/freedesktop/NetworkManager/Settings/Connection/3
ACTIVE:                                 tak
DEVICE:                                 eth0
STATE:                                  dezaktywowanie
ACTIVE-PATH:                            /org/freedesktop/NetworkManager/ActiveConnection/1
SLAVE:                                  --
FILENAME:                               /etc/NetworkManager/system-connections/ethernet
-------------------------------------------------------------------------------
NAME:                                   con-1
UUID:                                   5fcfd6d7-1e63-3332-8826-a7eda103792d
TYPE:                                   ethernet
TIMESTAMP:                              0
TIMESTAMP-REAL:                         nigdy
AUTOCONNECT:                            tak
AUTOCONNECT-PRIORITY:                   0
READONLY:                               nie
DBUS-PATH:                              /org/freedesktop/NetworkManager/Settings/Connection/1
ACTIVE:                                 nie
DEVICE:                                 --
STATE:                                  --
ACTIVE-PATH:                            --
SLAVE:                                  --
FILENAME:                               /etc/NetworkManager/system-connections/con-1
-------------------------------------------------------------------------------
NAME:                                   con-xx1
UUID:                                   UUID-con-xx1-REPLACED-REPLACED-REPLA
TYPE:                                   ethernet
TIMESTAMP:                              0
TIMESTAMP-REAL:                         nigdy
AUTOCONNECT:                            tak
AUTOCONNECT-PRIORITY:                   0
READONLY:                               nie
DBUS-PATH:                              /org/freedesktop/NetworkManager/Settings/Connection/2
ACTIVE:                                 nie
DEVICE:                                 --
STATE:                                  --
ACTIVE-PATH:                            --
SLAVE:                                  --
FILENAME:                               /etc/NetworkManager/system-connections/con-xx1
-------------------------------------------------------------------------------

<<<
stderr: 0 bytes
>>>

<<<
