location: clients/tests/test-client.py:752:test_001()/1
cmd: $NMCLI 
lang: C
returncode: 0
stdout: 277 bytes
>>>
DNS configuration:
	servers: 1.2.3.4 5.6.7.8

Use "nmcli device show" to get complete information about known devices and
"nmcli connection show" to get an overview on active connection profiles.

Consult nmcli(1) and nmcli-examples(5) manual pages for complete usage details.

<<<
stderr: 0 bytes
>>>

<<<
