location: clients/tests/test-client.py:927:test_004()/10
cmd: $NMCLI connection add type vpn con-name con-vpn-1 ifname '*' vpn-type openvpn vpn.data 'key1 = val1,   key2  = val2, key3=val3'
lang: C
returncode: 0
stdout: 82 bytes
>>>
Connection 'con-vpn-1' (UUID-con-vpn-1-REPLACED-REPLACED-REP) successfully added.

<<<
stderr: 0 bytes
>>>

<<<
