location: clients/tests/test-client.py:986:test_004()/136
cmd: $NMCLI --mode tabular --terse -f COMMON device wifi list
lang: pl_PL.UTF-8
returncode: 0
stdout: 234 bytes
>>>
 :wlan1-ap-4:Infrastruktura:1:54 Mb/s:48:**  :WPA1 WPA2


 :wlan0-ap-2:Infrastruktura:1:54 Mb/s:92:****:WPA1 WPA2
 :wlan0-ap-1:Infrastruktura:1:54 Mb/s:81:****:WPA1 WPA2
 :wlan0-ap-3:Infrastruktura:1:54 Mb/s:55:**  :WPA1 WPA2

<<<
stderr: 0 bytes
>>>

<<<
