location: clients/tests/test-client.py:764:test_001()/44
cmd: $NMCLI --mode multiline --terse --color yes general permissions
lang: pl_PL.UTF-8
returncode: 0
stdout: 1288 bytes
>>>
PERMISSION:org.freedesktop.NetworkManager.enable-disable-network
VALUE:[32myes[0m
PERMISSION:org.freedesktop.NetworkManager.enable-disable-wifi
VALUE:[32myes[0m
PERMISSION:org.freedesktop.NetworkManager.enable-disable-wwan
VALUE:[32myes[0m
PERMISSION:org.freedesktop.NetworkManager.enable-disable-wimax
VALUE:[32myes[0m
PERMISSION:org.freedesktop.NetworkManager.sleep-wake
VALUE:[31mno[0m
PERMISSION:org.freedesktop.NetworkManager.network-control
VALUE:[32myes[0m
PERMISSION:org.freedesktop.NetworkManager.wifi.share.protected
VALUE:[32myes[0m
PERMISSION:org.freedesktop.NetworkManager.wifi.share.open
VALUE:[32myes[0m
PERMISSION:org.freedesktop.NetworkManager.settings.modify.system
VALUE:[32myes[0m
PERMISSION:org.freedesktop.NetworkManager.settings.modify.own
VALUE:[32myes[0m
PERMISSION:org.freedesktop.NetworkManager.settings.modify.hostname
VALUE:[32myes[0m
PERMISSION:org.freedesktop.NetworkManager.settings.modify.global-dns
VALUE:[31mno[0m
PERMISSION:org.freedesktop.NetworkManager.reload
VALUE:[31mno[0m
PERMISSION:org.freedesktop.NetworkManager.checkpoint-rollback
VALUE:unknown
PERMISSION:org.freedesktop.NetworkManager.enable-disable-statistics
VALUE:unknown
PERMISSION:org.freedesktop.NetworkManager.enable-disable-connectivity-check
VALUE:unknown

<<<
stderr: 0 bytes
>>>

<<<
