location: clients/tests/test-client.py:986:test_004()/172
cmd: $NMCLI --mode multiline --pretty -f COMMON device wifi list
lang: pl_PL.UTF-8
returncode: 0
stdout: 2488 bytes
>>>
===============================================================================
                     Lista skanowania sieci Wi-Fi (wlan1)
===============================================================================
IN-USE:                                  
SSID:                                   wlan1-ap-4
MODE:                                   Infrastruktura
CHAN:                                   1
RATE:                                   54 Mb/s
SIGNAL:                                 48
BARS:                                   **  
SECURITY:                               WPA1 WPA2
-------------------------------------------------------------------------------

===============================================================================
                     Lista skanowania sieci Wi-Fi (wlan1)
===============================================================================

===============================================================================
                     Lista skanowania sieci Wi-Fi (wlan0)
===============================================================================
IN-USE:                                  
SSID:                                   wlan0-ap-2
MODE:                                   Infrastruktura
CHAN:                                   1
RATE:                                   54 Mb/s
SIGNAL:                                 92
BARS:                                   ****
SECURITY:                               WPA1 WPA2
-------------------------------------------------------------------------------
IN-USE:                                  
SSID:                                   wlan0-ap-1
MODE:                                   Infrastruktura
CHAN:                                   1
RATE:                                   54 Mb/s
SIGNAL:                                 81
BARS:                                   ****
SECURITY:                               WPA1 WPA2
-------------------------------------------------------------------------------
IN-USE:                                  
SSID:                                   wlan0-ap-3
MODE:                                   Infrastruktura
CHAN:                                   1
RATE:                                   54 Mb/s
SIGNAL:                                 55
BARS:                                   **  
SECURITY:                               WPA1 WPA2
-------------------------------------------------------------------------------

<<<
stderr: 0 bytes
>>>

<<<
