size: 395
location: clients/tests/test-client.py:841:test_001()/1
cmd: $NMCLI 
lang: C
returncode: 0
stdout: 277 bytes
>>>
DNS configuration:
	servers: 1.2.3.4 5.6.7.8

Use "nmcli device show" to get complete information about known devices and
"nmcli connection show" to get an overview on active connection profiles.

Consult nmcli(1) and nmcli-examples(5) manual pages for complete usage details.

<<<
size: 438
location: clients/tests/test-client.py:841:test_001()/2
cmd: $NMCLI 
lang: pl_PL.UTF-8
returncode: 0
stdout: 310 bytes
>>>
DNS configuration:
	servers: 1.2.3.4 5.6.7.8

Polecenie „nmcli device show” wyświetli pełne informacje o znanych
urządzeniach, a „nmcli connection show” wyświetli przegląd aktywnych
profili połączeń.

Strony podręcznika nmcli(1) i nmcli-examples(5) zawierają pełne informacje
o użyciu.

<<<
size: 188
location: clients/tests/test-client.py:843:test_001()/3
cmd: $NMCLI -f AP -mode multiline -p d show wlan0
lang: C
returncode: 10
stderr: 33 bytes
>>>
Error: Device 'wlan0' not found.

<<<
size: 214
location: clients/tests/test-client.py:843:test_001()/4
cmd: $NMCLI -f AP -mode multiline -p d show wlan0
lang: pl_PL.UTF-8
returncode: 10
stderr: 49 bytes
>>>
Błąd: Nie odnaleziono urządzenia „wlan0”.

<<<
size: 120
location: clients/tests/test-client.py:845:test_001()/5
cmd: $NMCLI c s
lang: C
returncode: 0
stdout: 1 bytes
>>>


<<<
size: 130
location: clients/tests/test-client.py:845:test_001()/6
cmd: $NMCLI c s
lang: pl_PL.UTF-8
returncode: 0
stdout: 1 bytes
>>>


<<<
size: 192
location: clients/tests/test-client.py:847:test_001()/7
cmd: $NMCLI bogus s
lang: C
returncode: 2
stderr: 68 bytes
>>>
Error: argument 'bogus' not understood. Try passing --help instead.

<<<
size: 221
location: clients/tests/test-client.py:847:test_001()/8
cmd: $NMCLI bogus s
lang: pl_PL.UTF-8
returncode: 2
stderr: 87 bytes
>>>
Błąd: nie zrozumiano parametru „bogus”. Można użyć „--help” zamiast tego.

<<<
size: 1488
location: clients/tests/test-client.py:850:test_001()/9
cmd: $NMCLI general permissions
lang: C
returncode: 0
stdout: 1350 bytes
>>>
PERMISSION                                                        VALUE   
org.freedesktop.NetworkManager.enable-disable-network             yes     
org.freedesktop.NetworkManager.enable-disable-wifi                yes     
org.freedesktop.NetworkManager.enable-disable-wwan                yes     
org.freedesktop.NetworkManager.enable-disable-wimax               yes     
org.freedesktop.NetworkManager.sleep-wake                         no      
org.freedesktop.NetworkManager.network-control                    yes     
org.freedesktop.NetworkManager.wifi.share.protected               yes     
org.freedesktop.NetworkManager.wifi.share.open                    yes     
org.freedesktop.NetworkManager.settings.modify.system             yes     
org.freedesktop.NetworkManager.settings.modify.own                yes     
org.freedesktop.NetworkManager.settings.modify.hostname           yes     
org.freedesktop.NetworkManager.settings.modify.global-dns         no      
org.freedesktop.NetworkManager.reload                             no      
org.freedesktop.NetworkManager.checkpoint-rollback                unknown 
org.freedesktop.NetworkManager.enable-disable-statistics          unknown 
org.freedesktop.NetworkManager.enable-disable-connectivity-check  unknown 
org.freedesktop.NetworkManager.wifi.scan                          unknown 

<<<
size: 1517
location: clients/tests/test-client.py:850:test_001()/10
cmd: $NMCLI general permissions
lang: pl_PL.UTF-8
returncode: 0
stdout: 1368 bytes
>>>
PERMISSION                                                        VALUE    
org.freedesktop.NetworkManager.enable-disable-network             tak      
org.freedesktop.NetworkManager.enable-disable-wifi                tak      
org.freedesktop.NetworkManager.enable-disable-wwan                tak      
org.freedesktop.NetworkManager.enable-disable-wimax               tak      
org.freedesktop.NetworkManager.sleep-wake                         nie      
org.freedesktop.NetworkManager.network-control                    tak      
org.freedesktop.NetworkManager.wifi.share.protected               tak      
org.freedesktop.NetworkManager.wifi.share.open                    tak      
org.freedesktop.NetworkManager.settings.modify.system             tak      
org.freedesktop.NetworkManager.settings.modify.own                tak      
org.freedesktop.NetworkManager.settings.modify.hostname           tak      
org.freedesktop.NetworkManager.settings.modify.global-dns         nie      
org.freedesktop.NetworkManager.reload                             nie      
org.freedesktop.NetworkManager.checkpoint-rollback                nieznane 
org.freedesktop.NetworkManager.enable-disable-statistics          nieznane 
org.freedesktop.NetworkManager.enable-disable-connectivity-check  nieznane 
org.freedesktop.NetworkManager.wifi.scan                          nieznane 

<<<
size: 1618
location: clients/tests/test-client.py:850:test_001()/11
cmd: $NMCLI --color yes general permissions
lang: C
returncode: 0
stdout: 1467 bytes
>>>
PERMISSION                                                        VALUE   
org.freedesktop.NetworkManager.enable-disable-network             [32myes[0m     
org.freedesktop.NetworkManager.enable-disable-wifi                [32myes[0m     
org.freedesktop.NetworkManager.enable-disable-wwan                [32myes[0m     
org.freedesktop.NetworkManager.enable-disable-wimax               [32myes[0m     
org.freedesktop.NetworkManager.sleep-wake                         [31mno[0m      
org.freedesktop.NetworkManager.network-control                    [32myes[0m     
org.freedesktop.NetworkManager.wifi.share.protected               [32myes[0m     
org.freedesktop.NetworkManager.wifi.share.open                    [32myes[0m     
org.freedesktop.NetworkManager.settings.modify.system             [32myes[0m     
org.freedesktop.NetworkManager.settings.modify.own                [32myes[0m     
org.freedesktop.NetworkManager.settings.modify.hostname           [32myes[0m     
org.freedesktop.NetworkManager.settings.modify.global-dns         [31mno[0m      
org.freedesktop.NetworkManager.reload                             [31mno[0m      
org.freedesktop.NetworkManager.checkpoint-rollback                unknown 
org.freedesktop.NetworkManager.enable-disable-statistics          unknown 
org.freedesktop.NetworkManager.enable-disable-connectivity-check  unknown 
org.freedesktop.NetworkManager.wifi.scan                          unknown 

<<<
size: 1646
location: clients/tests/test-client.py:850:test_001()/12
cmd: $NMCLI --color yes general permissions
lang: pl_PL.UTF-8
returncode: 0
stdout: 1485 bytes
>>>
PERMISSION                                                        VALUE    
org.freedesktop.NetworkManager.enable-disable-network             [32mtak[0m      
org.freedesktop.NetworkManager.enable-disable-wifi                [32mtak[0m      
org.freedesktop.NetworkManager.enable-disable-wwan                [32mtak[0m      
org.freedesktop.NetworkManager.enable-disable-wimax               [32mtak[0m      
org.freedesktop.NetworkManager.sleep-wake                         [31mnie[0m      
org.freedesktop.NetworkManager.network-control                    [32mtak[0m      
org.freedesktop.NetworkManager.wifi.share.protected               [32mtak[0m      
org.freedesktop.NetworkManager.wifi.share.open                    [32mtak[0m      
org.freedesktop.NetworkManager.settings.modify.system             [32mtak[0m      
org.freedesktop.NetworkManager.settings.modify.own                [32mtak[0m      
org.freedesktop.NetworkManager.settings.modify.hostname           [32mtak[0m      
org.freedesktop.NetworkManager.settings.modify.global-dns         [31mnie[0m      
org.freedesktop.NetworkManager.reload                             [31mnie[0m      
org.freedesktop.NetworkManager.checkpoint-rollback                nieznane 
org.freedesktop.NetworkManager.enable-disable-statistics          nieznane 
org.freedesktop.NetworkManager.enable-disable-connectivity-check  nieznane 
org.freedesktop.NetworkManager.wifi.scan                          nieznane 

<<<
size: 1695
location: clients/tests/test-client.py:850:test_001()/13
cmd: $NMCLI --pretty general permissions
lang: C
returncode: 0
stdout: 1547 bytes
>>>
==============================
  NetworkManager permissions
==============================
PERMISSION                                                        VALUE   
---------------------------------------------------------------------------------------------------------
org.freedesktop.NetworkManager.enable-disable-network             yes     
org.freedesktop.NetworkManager.enable-disable-wifi                yes     
org.freedesktop.NetworkManager.enable-disable-wwan                yes     
org.freedesktop.NetworkManager.enable-disable-wimax               yes     
org.freedesktop.NetworkManager.sleep-wake                         no      
org.freedesktop.NetworkManager.network-control                    yes     
org.freedesktop.NetworkManager.wifi.share.protected               yes     
org.freedesktop.NetworkManager.wifi.share.open                    yes     
org.freedesktop.NetworkManager.settings.modify.system             yes     
org.freedesktop.NetworkManager.settings.modify.own                yes     
org.freedesktop.NetworkManager.settings.modify.hostname           yes     
org.freedesktop.NetworkManager.settings.modify.global-dns         no      
org.freedesktop.NetworkManager.reload                             no      
org.freedesktop.NetworkManager.checkpoint-rollback                unknown 
org.freedesktop.NetworkManager.enable-disable-statistics          unknown 
org.freedesktop.NetworkManager.enable-disable-connectivity-check  unknown 
org.freedesktop.NetworkManager.wifi.scan                          unknown 

<<<
size: 1753
location: clients/tests/test-client.py:850:test_001()/14
cmd: $NMCLI --pretty general permissions
lang: pl_PL.UTF-8
returncode: 0
stdout: 1595 bytes
>>>
=====================================
  Uprawnienia usługi NetworkManager
=====================================
PERMISSION                                                        VALUE    
-----------------------------------------------------------------------------------------------------------------
org.freedesktop.NetworkManager.enable-disable-network             tak      
org.freedesktop.NetworkManager.enable-disable-wifi                tak      
org.freedesktop.NetworkManager.enable-disable-wwan                tak      
org.freedesktop.NetworkManager.enable-disable-wimax               tak      
org.freedesktop.NetworkManager.sleep-wake                         nie      
org.freedesktop.NetworkManager.network-control                    tak      
org.freedesktop.NetworkManager.wifi.share.protected               tak      
org.freedesktop.NetworkManager.wifi.share.open                    tak      
org.freedesktop.NetworkManager.settings.modify.system             tak      
org.freedesktop.NetworkManager.settings.modify.own                tak      
org.freedesktop.NetworkManager.settings.modify.hostname           tak      
org.freedesktop.NetworkManager.settings.modify.global-dns         nie      
org.freedesktop.NetworkManager.reload                             nie      
org.freedesktop.NetworkManager.checkpoint-rollback                nieznane 
org.freedesktop.NetworkManager.enable-disable-statistics          nieznane 
org.freedesktop.NetworkManager.enable-disable-connectivity-check  nieznane 
org.freedesktop.NetworkManager.wifi.scan                          nieznane 

<<<
size: 1824
location: clients/tests/test-client.py:850:test_001()/15
cmd: $NMCLI --pretty --color yes general permissions
lang: C
returncode: 0
stdout: 1664 bytes
>>>
==============================
  NetworkManager permissions
==============================
PERMISSION                                                        VALUE   
---------------------------------------------------------------------------------------------------------
org.freedesktop.NetworkManager.enable-disable-network             [32myes[0m     
org.freedesktop.NetworkManager.enable-disable-wifi                [32myes[0m     
org.freedesktop.NetworkManager.enable-disable-wwan                [32myes[0m     
org.freedesktop.NetworkManager.enable-disable-wimax               [32myes[0m     
org.freedesktop.NetworkManager.sleep-wake                         [31mno[0m      
org.freedesktop.NetworkManager.network-control                    [32myes[0m     
org.freedesktop.NetworkManager.wifi.share.protected               [32myes[0m     
org.freedesktop.NetworkManager.wifi.share.open                    [32myes[0m     
org.freedesktop.NetworkManager.settings.modify.system             [32myes[0m     
org.freedesktop.NetworkManager.settings.modify.own                [32myes[0m     
org.freedesktop.NetworkManager.settings.modify.hostname           [32myes[0m     
org.freedesktop.NetworkManager.settings.modify.global-dns         [31mno[0m      
org.freedesktop.NetworkManager.reload                             [31mno[0m      
org.freedesktop.NetworkManager.checkpoint-rollback                unknown 
org.freedesktop.NetworkManager.enable-disable-statistics          unknown 
org.freedesktop.NetworkManager.enable-disable-connectivity-check  unknown 
org.freedesktop.NetworkManager.wifi.scan                          unknown 

<<<
size: 1882
location: clients/tests/test-client.py:850:test_001()/16
cmd: $NMCLI --pretty --color yes general permissions
lang: pl_PL.UTF-8
returncode: 0
stdout: 1712 bytes
>>>
=====================================
  Uprawnienia usługi NetworkManager
=====================================
PERMISSION                                                        VALUE    
-----------------------------------------------------------------------------------------------------------------
org.freedesktop.NetworkManager.enable-disable-network             [32mtak[0m      
org.freedesktop.NetworkManager.enable-disable-wifi                [32mtak[0m      
org.freedesktop.NetworkManager.enable-disable-wwan                [32mtak[0m      
org.freedesktop.NetworkManager.enable-disable-wimax               [32mtak[0m      
org.freedesktop.NetworkManager.sleep-wake                         [31mnie[0m      
org.freedesktop.NetworkManager.network-control                    [32mtak[0m      
org.freedesktop.NetworkManager.wifi.share.protected               [32mtak[0m      
org.freedesktop.NetworkManager.wifi.share.open                    [32mtak[0m      
org.freedesktop.NetworkManager.settings.modify.system             [32mtak[0m      
org.freedesktop.NetworkManager.settings.modify.own                [32mtak[0m      
org.freedesktop.NetworkManager.settings.modify.hostname           [32mtak[0m      
org.freedesktop.NetworkManager.settings.modify.global-dns         [31mnie[0m      
org.freedesktop.NetworkManager.reload                             [31mnie[0m      
org.freedesktop.NetworkManager.checkpoint-rollback                nieznane 
org.freedesktop.NetworkManager.enable-disable-statistics          nieznane 
org.freedesktop.NetworkManager.enable-disable-connectivity-check  nieznane 
org.freedesktop.NetworkManager.wifi.scan                          nieznane 

<<<
size: 1094
location: clients/tests/test-client.py:850:test_001()/17
cmd: $NMCLI --terse general permissions
lang: C
returncode: 0
stdout: 948 bytes
>>>
org.freedesktop.NetworkManager.enable-disable-network:yes
org.freedesktop.NetworkManager.enable-disable-wifi:yes
org.freedesktop.NetworkManager.enable-disable-wwan:yes
org.freedesktop.NetworkManager.enable-disable-wimax:yes
org.freedesktop.NetworkManager.sleep-wake:no
org.freedesktop.NetworkManager.network-control:yes
org.freedesktop.NetworkManager.wifi.share.protected:yes
org.freedesktop.NetworkManager.wifi.share.open:yes
org.freedesktop.NetworkManager.settings.modify.system:yes
org.freedesktop.NetworkManager.settings.modify.own:yes
org.freedesktop.NetworkManager.settings.modify.hostname:yes
org.freedesktop.NetworkManager.settings.modify.global-dns:no
org.freedesktop.NetworkManager.reload:no
org.freedesktop.NetworkManager.checkpoint-rollback:unknown
org.freedesktop.NetworkManager.enable-disable-statistics:unknown
org.freedesktop.NetworkManager.enable-disable-connectivity-check:unknown
org.freedesktop.NetworkManager.wifi.scan:unknown

<<<
size: 1104
location: clients/tests/test-client.py:850:test_001()/18
cmd: $NMCLI --terse general permissions
lang: pl_PL.UTF-8
returncode: 0
stdout: 948 bytes
>>>
org.freedesktop.NetworkManager.enable-disable-network:yes
org.freedesktop.NetworkManager.enable-disable-wifi:yes
org.freedesktop.NetworkManager.enable-disable-wwan:yes
org.freedesktop.NetworkManager.enable-disable-wimax:yes
org.freedesktop.NetworkManager.sleep-wake:no
org.freedesktop.NetworkManager.network-control:yes
org.freedesktop.NetworkManager.wifi.share.protected:yes
org.freedesktop.NetworkManager.wifi.share.open:yes
org.freedesktop.NetworkManager.settings.modify.system:yes
org.freedesktop.NetworkManager.settings.modify.own:yes
org.freedesktop.NetworkManager.settings.modify.hostname:yes
org.freedesktop.NetworkManager.settings.modify.global-dns:no
org.freedesktop.NetworkManager.reload:no
org.freedesktop.NetworkManager.checkpoint-rollback:unknown
org.freedesktop.NetworkManager.enable-disable-statistics:unknown
org.freedesktop.NetworkManager.enable-disable-connectivity-check:unknown
org.freedesktop.NetworkManager.wifi.scan:unknown

<<<
size: 1224
location: clients/tests/test-client.py:850:test_001()/19
cmd: $NMCLI --terse --color yes general permissions
lang: C
returncode: 0
stdout: 1065 bytes
>>>
org.freedesktop.NetworkManager.enable-disable-network:[32myes[0m
org.freedesktop.NetworkManager.enable-disable-wifi:[32myes[0m
org.freedesktop.NetworkManager.enable-disable-wwan:[32myes[0m
org.freedesktop.NetworkManager.enable-disable-wimax:[32myes[0m
org.freedesktop.NetworkManager.sleep-wake:[31mno[0m
org.freedesktop.NetworkManager.network-control:[32myes[0m
org.freedesktop.NetworkManager.wifi.share.protected:[32myes[0m
org.freedesktop.NetworkManager.wifi.share.open:[32myes[0m
org.freedesktop.NetworkManager.settings.modify.system:[32myes[0m
org.freedesktop.NetworkManager.settings.modify.own:[32myes[0m
org.freedesktop.NetworkManager.settings.modify.hostname:[32myes[0m
org.freedesktop.NetworkManager.settings.modify.global-dns:[31mno[0m
org.freedesktop.NetworkManager.reload:[31mno[0m
org.freedesktop.NetworkManager.checkpoint-rollback:unknown
org.freedesktop.NetworkManager.enable-disable-statistics:unknown
org.freedesktop.NetworkManager.enable-disable-connectivity-check:unknown
org.freedesktop.NetworkManager.wifi.scan:unknown

<<<
size: 1234
location: clients/tests/test-client.py:850:test_001()/20
cmd: $NMCLI --terse --color yes general permissions
lang: pl_PL.UTF-8
returncode: 0
stdout: 1065 bytes
>>>
org.freedesktop.NetworkManager.enable-disable-network:[32myes[0m
org.freedesktop.NetworkManager.enable-disable-wifi:[32myes[0m
org.freedesktop.NetworkManager.enable-disable-wwan:[32myes[0m
org.freedesktop.NetworkManager.enable-disable-wimax:[32myes[0m
org.freedesktop.NetworkManager.sleep-wake:[31mno[0m
org.freedesktop.NetworkManager.network-control:[32myes[0m
org.freedesktop.NetworkManager.wifi.share.protected:[32myes[0m
org.freedesktop.NetworkManager.wifi.share.open:[32myes[0m
org.freedesktop.NetworkManager.settings.modify.system:[32myes[0m
org.freedesktop.NetworkManager.settings.modify.own:[32myes[0m
org.freedesktop.NetworkManager.settings.modify.hostname:[32myes[0m
org.freedesktop.NetworkManager.settings.modify.global-dns:[31mno[0m
org.freedesktop.NetworkManager.reload:[31mno[0m
org.freedesktop.NetworkManager.checkpoint-rollback:unknown
org.freedesktop.NetworkManager.enable-disable-statistics:unknown
org.freedesktop.NetworkManager.enable-disable-connectivity-check:unknown
org.freedesktop.NetworkManager.wifi.scan:unknown

<<<
size: 1504
location: clients/tests/test-client.py:850:test_001()/21
cmd: $NMCLI --mode tabular general permissions
lang: C
returncode: 0
stdout: 1350 bytes
>>>
PERMISSION                                                        VALUE   
org.freedesktop.NetworkManager.enable-disable-network             yes     
org.freedesktop.NetworkManager.enable-disable-wifi                yes     
org.freedesktop.NetworkManager.enable-disable-wwan                yes     
org.freedesktop.NetworkManager.enable-disable-wimax               yes     
org.freedesktop.NetworkManager.sleep-wake                         no      
org.freedesktop.NetworkManager.network-control                    yes     
org.freedesktop.NetworkManager.wifi.share.protected               yes     
org.freedesktop.NetworkManager.wifi.share.open                    yes     
org.freedesktop.NetworkManager.settings.modify.system             yes     
org.freedesktop.NetworkManager.settings.modify.own                yes     
org.freedesktop.NetworkManager.settings.modify.hostname           yes     
org.freedesktop.NetworkManager.settings.modify.global-dns         no      
org.freedesktop.NetworkManager.reload                             no      
org.freedesktop.NetworkManager.checkpoint-rollback                unknown 
org.freedesktop.NetworkManager.enable-disable-statistics          unknown 
org.freedesktop.NetworkManager.enable-disable-connectivity-check  unknown 
org.freedesktop.NetworkManager.wifi.scan                          unknown 

<<<
size: 1532
location: clients/tests/test-client.py:850:test_001()/22
cmd: $NMCLI --mode tabular general permissions
lang: pl_PL.UTF-8
returncode: 0
stdout: 1368 bytes
>>>
PERMISSION                                                        VALUE    
org.freedesktop.NetworkManager.enable-disable-network             tak      
org.freedesktop.NetworkManager.enable-disable-wifi                tak      
org.freedesktop.NetworkManager.enable-disable-wwan                tak      
org.freedesktop.NetworkManager.enable-disable-wimax               tak      
org.freedesktop.NetworkManager.sleep-wake                         nie      
org.freedesktop.NetworkManager.network-control                    tak      
org.freedesktop.NetworkManager.wifi.share.protected               tak      
org.freedesktop.NetworkManager.wifi.share.open                    tak      
org.freedesktop.NetworkManager.settings.modify.system             tak      
org.freedesktop.NetworkManager.settings.modify.own                tak      
org.freedesktop.NetworkManager.settings.modify.hostname           tak      
org.freedesktop.NetworkManager.settings.modify.global-dns         nie      
org.freedesktop.NetworkManager.reload                             nie      
org.freedesktop.NetworkManager.checkpoint-rollback                nieznane 
org.freedesktop.NetworkManager.enable-disable-statistics          nieznane 
org.freedesktop.NetworkManager.enable-disable-connectivity-check  nieznane 
org.freedesktop.NetworkManager.wifi.scan                          nieznane 

<<<
size: 1633
location: clients/tests/test-client.py:850:test_001()/23
cmd: $NMCLI --mode tabular --color yes general permissions
lang: C
returncode: 0
stdout: 1467 bytes
>>>
PERMISSION                                                        VALUE   
org.freedesktop.NetworkManager.enable-disable-network             [32myes[0m     
org.freedesktop.NetworkManager.enable-disable-wifi                [32myes[0m     
org.freedesktop.NetworkManager.enable-disable-wwan                [32myes[0m     
org.freedesktop.NetworkManager.enable-disable-wimax               [32myes[0m     
org.freedesktop.NetworkManager.sleep-wake                         [31mno[0m      
org.freedesktop.NetworkManager.network-control                    [32myes[0m     
org.freedesktop.NetworkManager.wifi.share.protected               [32myes[0m     
org.freedesktop.NetworkManager.wifi.share.open                    [32myes[0m     
org.freedesktop.NetworkManager.settings.modify.system             [32myes[0m     
org.freedesktop.NetworkManager.settings.modify.own                [32myes[0m     
org.freedesktop.NetworkManager.settings.modify.hostname           [32myes[0m     
org.freedesktop.NetworkManager.settings.modify.global-dns         [31mno[0m      
org.freedesktop.NetworkManager.reload                             [31mno[0m      
org.freedesktop.NetworkManager.checkpoint-rollback                unknown 
org.freedesktop.NetworkManager.enable-disable-statistics          unknown 
org.freedesktop.NetworkManager.enable-disable-connectivity-check  unknown 
org.freedesktop.NetworkManager.wifi.scan                          unknown 

<<<
size: 1661
location: clients/tests/test-client.py:850:test_001()/24
cmd: $NMCLI --mode tabular --color yes general permissions
lang: pl_PL.UTF-8
returncode: 0
stdout: 1485 bytes
>>>
PERMISSION                                                        VALUE    
org.freedesktop.NetworkManager.enable-disable-network             [32mtak[0m      
org.freedesktop.NetworkManager.enable-disable-wifi                [32mtak[0m      
org.freedesktop.NetworkManager.enable-disable-wwan                [32mtak[0m      
org.freedesktop.NetworkManager.enable-disable-wimax               [32mtak[0m      
org.freedesktop.NetworkManager.sleep-wake                         [31mnie[0m      
org.freedesktop.NetworkManager.network-control                    [32mtak[0m      
org.freedesktop.NetworkManager.wifi.share.protected               [32mtak[0m      
org.freedesktop.NetworkManager.wifi.share.open                    [32mtak[0m      
org.freedesktop.NetworkManager.settings.modify.system             [32mtak[0m      
org.freedesktop.NetworkManager.settings.modify.own                [32mtak[0m      
org.freedesktop.NetworkManager.settings.modify.hostname           [32mtak[0m      
org.freedesktop.NetworkManager.settings.modify.global-dns         [31mnie[0m      
org.freedesktop.NetworkManager.reload                             [31mnie[0m      
org.freedesktop.NetworkManager.checkpoint-rollback                nieznane 
org.freedesktop.NetworkManager.enable-disable-statistics          nieznane 
org.freedesktop.NetworkManager.enable-disable-connectivity-check  nieznane 
org.freedesktop.NetworkManager.wifi.scan                          nieznane 

<<<
size: 1710
location: clients/tests/test-client.py:850:test_001()/25
cmd: $NMCLI --mode tabular --pretty general permissions
lang: C
returncode: 0
stdout: 1547 bytes
>>>
==============================
  NetworkManager permissions
==============================
PERMISSION                                                        VALUE   
---------------------------------------------------------------------------------------------------------
org.freedesktop.NetworkManager.enable-disable-network             yes     
org.freedesktop.NetworkManager.enable-disable-wifi                yes     
org.freedesktop.NetworkManager.enable-disable-wwan                yes     
org.freedesktop.NetworkManager.enable-disable-wimax               yes     
org.freedesktop.NetworkManager.sleep-wake                         no      
org.freedesktop.NetworkManager.network-control                    yes     
org.freedesktop.NetworkManager.wifi.share.protected               yes     
org.freedesktop.NetworkManager.wifi.share.open                    yes     
org.freedesktop.NetworkManager.settings.modify.system             yes     
org.freedesktop.NetworkManager.settings.modify.own                yes     
org.freedesktop.NetworkManager.settings.modify.hostname           yes     
org.freedesktop.NetworkManager.settings.modify.global-dns         no      
org.freedesktop.NetworkManager.reload                             no      
org.freedesktop.NetworkManager.checkpoint-rollback                unknown 
org.freedesktop.NetworkManager.enable-disable-statistics          unknown 
org.freedesktop.NetworkManager.enable-disable-connectivity-check  unknown 
org.freedesktop.NetworkManager.wifi.scan                          unknown 

<<<
size: 1768
location: clients/tests/test-client.py:850:test_001()/26
cmd: $NMCLI --mode tabular --pretty general permissions
lang: pl_PL.UTF-8
returncode: 0
stdout: 1595 bytes
>>>
=====================================
  Uprawnienia usługi NetworkManager
=====================================
PERMISSION                                                        VALUE    
-----------------------------------------------------------------------------------------------------------------
org.freedesktop.NetworkManager.enable-disable-network             tak      
org.freedesktop.NetworkManager.enable-disable-wifi                tak      
org.freedesktop.NetworkManager.enable-disable-wwan                tak      
org.freedesktop.NetworkManager.enable-disable-wimax               tak      
org.freedesktop.NetworkManager.sleep-wake                         nie      
org.freedesktop.NetworkManager.network-control                    tak      
org.freedesktop.NetworkManager.wifi.share.protected               tak      
org.freedesktop.NetworkManager.wifi.share.open                    tak      
org.freedesktop.NetworkManager.settings.modify.system             tak      
org.freedesktop.NetworkManager.settings.modify.own                tak      
org.freedesktop.NetworkManager.settings.modify.hostname           tak      
org.freedesktop.NetworkManager.settings.modify.global-dns         nie      
org.freedesktop.NetworkManager.reload                             nie      
org.freedesktop.NetworkManager.checkpoint-rollback                nieznane 
org.freedesktop.NetworkManager.enable-disable-statistics          nieznane 
org.freedesktop.NetworkManager.enable-disable-connectivity-check  nieznane 
org.freedesktop.NetworkManager.wifi.scan                          nieznane 

<<<
size: 1839
location: clients/tests/test-client.py:850:test_001()/27
cmd: $NMCLI --mode tabular --pretty --color yes general permissions
lang: C
returncode: 0
stdout: 1664 bytes
>>>
==============================
  NetworkManager permissions
==============================
PERMISSION                                                        VALUE   
---------------------------------------------------------------------------------------------------------
org.freedesktop.NetworkManager.enable-disable-network             [32myes[0m     
org.freedesktop.NetworkManager.enable-disable-wifi                [32myes[0m     
org.freedesktop.NetworkManager.enable-disable-wwan                [32myes[0m     
org.freedesktop.NetworkManager.enable-disable-wimax               [32myes[0m     
org.freedesktop.NetworkManager.sleep-wake                         [31mno[0m      
org.freedesktop.NetworkManager.network-control                    [32myes[0m     
org.freedesktop.NetworkManager.wifi.share.protected               [32myes[0m     
org.freedesktop.NetworkManager.wifi.share.open                    [32myes[0m     
org.freedesktop.NetworkManager.settings.modify.system             [32myes[0m     
org.freedesktop.NetworkManager.settings.modify.own                [32myes[0m     
org.freedesktop.NetworkManager.settings.modify.hostname           [32myes[0m     
org.freedesktop.NetworkManager.settings.modify.global-dns         [31mno[0m      
org.freedesktop.NetworkManager.reload                             [31mno[0m      
org.freedesktop.NetworkManager.checkpoint-rollback                unknown 
org.freedesktop.NetworkManager.enable-disable-statistics          unknown 
org.freedesktop.NetworkManager.enable-disable-connectivity-check  unknown 
org.freedesktop.NetworkManager.wifi.scan                          unknown 

<<<
size: 1897
location: clients/tests/test-client.py:850:test_001()/28
cmd: $NMCLI --mode tabular --pretty --color yes general permissions
lang: pl_PL.UTF-8
returncode: 0
stdout: 1712 bytes
>>>
=====================================
  Uprawnienia usługi NetworkManager
=====================================
PERMISSION                                                        VALUE    
-----------------------------------------------------------------------------------------------------------------
org.freedesktop.NetworkManager.enable-disable-network             [32mtak[0m      
org.freedesktop.NetworkManager.enable-disable-wifi                [32mtak[0m      
org.freedesktop.NetworkManager.enable-disable-wwan                [32mtak[0m      
org.freedesktop.NetworkManager.enable-disable-wimax               [32mtak[0m      
org.freedesktop.NetworkManager.sleep-wake                         [31mnie[0m      
org.freedesktop.NetworkManager.network-control                    [32mtak[0m      
org.freedesktop.NetworkManager.wifi.share.protected               [32mtak[0m      
org.freedesktop.NetworkManager.wifi.share.open                    [32mtak[0m      
org.freedesktop.NetworkManager.settings.modify.system             [32mtak[0m      
org.freedesktop.NetworkManager.settings.modify.own                [32mtak[0m      
org.freedesktop.NetworkManager.settings.modify.hostname           [32mtak[0m      
org.freedesktop.NetworkManager.settings.modify.global-dns         [31mnie[0m      
org.freedesktop.NetworkManager.reload                             [31mnie[0m      
org.freedesktop.NetworkManager.checkpoint-rollback                nieznane 
org.freedesktop.NetworkManager.enable-disable-statistics          nieznane 
org.freedesktop.NetworkManager.enable-disable-connectivity-check  nieznane 
org.freedesktop.NetworkManager.wifi.scan                          nieznane 

<<<
size: 1109
location: clients/tests/test-client.py:850:test_001()/29
cmd: $NMCLI --mode tabular --terse general permissions
lang: C
returncode: 0
stdout: 948 bytes
>>>
org.freedesktop.NetworkManager.enable-disable-network:yes
org.freedesktop.NetworkManager.enable-disable-wifi:yes
org.freedesktop.NetworkManager.enable-disable-wwan:yes
org.freedesktop.NetworkManager.enable-disable-wimax:yes
org.freedesktop.NetworkManager.sleep-wake:no
org.freedesktop.NetworkManager.network-control:yes
org.freedesktop.NetworkManager.wifi.share.protected:yes
org.freedesktop.NetworkManager.wifi.share.open:yes
org.freedesktop.NetworkManager.settings.modify.system:yes
org.freedesktop.NetworkManager.settings.modify.own:yes
org.freedesktop.NetworkManager.settings.modify.hostname:yes
org.freedesktop.NetworkManager.settings.modify.global-dns:no
org.freedesktop.NetworkManager.reload:no
org.freedesktop.NetworkManager.checkpoint-rollback:unknown
org.freedesktop.NetworkManager.enable-disable-statistics:unknown
org.freedesktop.NetworkManager.enable-disable-connectivity-check:unknown
org.freedesktop.NetworkManager.wifi.scan:unknown

<<<
size: 1119
location: clients/tests/test-client.py:850:test_001()/30
cmd: $NMCLI --mode tabular --terse general permissions
lang: pl_PL.UTF-8
returncode: 0
stdout: 948 bytes
>>>
org.freedesktop.NetworkManager.enable-disable-network:yes
org.freedesktop.NetworkManager.enable-disable-wifi:yes
org.freedesktop.NetworkManager.enable-disable-wwan:yes
org.freedesktop.NetworkManager.enable-disable-wimax:yes
org.freedesktop.NetworkManager.sleep-wake:no
org.freedesktop.NetworkManager.network-control:yes
org.freedesktop.NetworkManager.wifi.share.protected:yes
org.freedesktop.NetworkManager.wifi.share.open:yes
org.freedesktop.NetworkManager.settings.modify.system:yes
org.freedesktop.NetworkManager.settings.modify.own:yes
org.freedesktop.NetworkManager.settings.modify.hostname:yes
org.freedesktop.NetworkManager.settings.modify.global-dns:no
org.freedesktop.NetworkManager.reload:no
org.freedesktop.NetworkManager.checkpoint-rollback:unknown
org.freedesktop.NetworkManager.enable-disable-statistics:unknown
org.freedesktop.NetworkManager.enable-disable-connectivity-check:unknown
org.freedesktop.NetworkManager.wifi.scan:unknown

<<<
size: 1239
location: clients/tests/test-client.py:850:test_001()/31
cmd: $NMCLI --mode tabular --terse --color yes general permissions
lang: C
returncode: 0
stdout: 1065 bytes
>>>
org.freedesktop.NetworkManager.enable-disable-network:[32myes[0m
org.freedesktop.NetworkManager.enable-disable-wifi:[32myes[0m
org.freedesktop.NetworkManager.enable-disable-wwan:[32myes[0m
org.freedesktop.NetworkManager.enable-disable-wimax:[32myes[0m
org.freedesktop.NetworkManager.sleep-wake:[31mno[0m
org.freedesktop.NetworkManager.network-control:[32myes[0m
org.freedesktop.NetworkManager.wifi.share.protected:[32myes[0m
org.freedesktop.NetworkManager.wifi.share.open:[32myes[0m
org.freedesktop.NetworkManager.settings.modify.system:[32myes[0m
org.freedesktop.NetworkManager.settings.modify.own:[32myes[0m
org.freedesktop.NetworkManager.settings.modify.hostname:[32myes[0m
org.freedesktop.NetworkManager.settings.modify.global-dns:[31mno[0m
org.freedesktop.NetworkManager.reload:[31mno[0m
org.freedesktop.NetworkManager.checkpoint-rollback:unknown
org.freedesktop.NetworkManager.enable-disable-statistics:unknown
org.freedesktop.NetworkManager.enable-disable-connectivity-check:unknown
org.freedesktop.NetworkManager.wifi.scan:unknown

<<<
size: 1249
location: clients/tests/test-client.py:850:test_001()/32
cmd: $NMCLI --mode tabular --terse --color yes general permissions
lang: pl_PL.UTF-8
returncode: 0
stdout: 1065 bytes
>>>
org.freedesktop.NetworkManager.enable-disable-network:[32myes[0m
org.freedesktop.NetworkManager.enable-disable-wifi:[32myes[0m
org.freedesktop.NetworkManager.enable-disable-wwan:[32myes[0m
org.freedesktop.NetworkManager.enable-disable-wimax:[32myes[0m
org.freedesktop.NetworkManager.sleep-wake:[31mno[0m
org.freedesktop.NetworkManager.network-control:[32myes[0m
org.freedesktop.NetworkManager.wifi.share.protected:[32myes[0m
org.freedesktop.NetworkManager.wifi.share.open:[32myes[0m
org.freedesktop.NetworkManager.settings.modify.system:[32myes[0m
org.freedesktop.NetworkManager.settings.modify.own:[32myes[0m
org.freedesktop.NetworkManager.settings.modify.hostname:[32myes[0m
org.freedesktop.NetworkManager.settings.modify.global-dns:[31mno[0m
org.freedesktop.NetworkManager.reload:[31mno[0m
org.freedesktop.NetworkManager.checkpoint-rollback:unknown
org.freedesktop.NetworkManager.enable-disable-statistics:unknown
org.freedesktop.NetworkManager.enable-disable-connectivity-check:unknown
org.freedesktop.NetworkManager.wifi.scan:unknown

<<<
size: 2464
location: clients/tests/test-client.py:850:test_001()/33
cmd: $NMCLI --mode multiline general permissions
lang: C
returncode: 0
stdout: 2308 bytes
>>>
PERMISSION:                             org.freedesktop.NetworkManager.enable-disable-network
VALUE:                                  yes
PERMISSION:                             org.freedesktop.NetworkManager.enable-disable-wifi
VALUE:                                  yes
PERMISSION:                             org.freedesktop.NetworkManager.enable-disable-wwan
VALUE:                                  yes
PERMISSION:                             org.freedesktop.NetworkManager.enable-disable-wimax
VALUE:                                  yes
PERMISSION:                             org.freedesktop.NetworkManager.sleep-wake
VALUE:                                  no
PERMISSION:                             org.freedesktop.NetworkManager.network-control
VALUE:                                  yes
PERMISSION:                             org.freedesktop.NetworkManager.wifi.share.protected
VALUE:                                  yes
PERMISSION:                             org.freedesktop.NetworkManager.wifi.share.open
VALUE:                                  yes
PERMISSION:                             org.freedesktop.NetworkManager.settings.modify.system
VALUE:                                  yes
PERMISSION:                             org.freedesktop.NetworkManager.settings.modify.own
VALUE:                                  yes
PERMISSION:                             org.freedesktop.NetworkManager.settings.modify.hostname
VALUE:                                  yes
PERMISSION:                             org.freedesktop.NetworkManager.settings.modify.global-dns
VALUE:                                  no
PERMISSION:                             org.freedesktop.NetworkManager.reload
VALUE:                                  no
PERMISSION:                             org.freedesktop.NetworkManager.checkpoint-rollback
VALUE:                                  unknown
PERMISSION:                             org.freedesktop.NetworkManager.enable-disable-statistics
VALUE:                                  unknown
PERMISSION:                             org.freedesktop.NetworkManager.enable-disable-connectivity-check
VALUE:                                  unknown
PERMISSION:                             org.freedesktop.NetworkManager.wifi.scan
VALUE:                                  unknown

<<<
size: 2481
location: clients/tests/test-client.py:850:test_001()/34
cmd: $NMCLI --mode multiline general permissions
lang: pl_PL.UTF-8
returncode: 0
stdout: 2315 bytes
>>>
PERMISSION:                             org.freedesktop.NetworkManager.enable-disable-network
VALUE:                                  tak
PERMISSION:                             org.freedesktop.NetworkManager.enable-disable-wifi
VALUE:                                  tak
PERMISSION:                             org.freedesktop.NetworkManager.enable-disable-wwan
VALUE:                                  tak
PERMISSION:                             org.freedesktop.NetworkManager.enable-disable-wimax
VALUE:                                  tak
PERMISSION:                             org.freedesktop.NetworkManager.sleep-wake
VALUE:                                  nie
PERMISSION:                             org.freedesktop.NetworkManager.network-control
VALUE:                                  tak
PERMISSION:                             org.freedesktop.NetworkManager.wifi.share.protected
VALUE:                                  tak
PERMISSION:                             org.freedesktop.NetworkManager.wifi.share.open
VALUE:                                  tak
PERMISSION:                             org.freedesktop.NetworkManager.settings.modify.system
VALUE:                                  tak
PERMISSION:                             org.freedesktop.NetworkManager.settings.modify.own
VALUE:                                  tak
PERMISSION:                             org.freedesktop.NetworkManager.settings.modify.hostname
VALUE:                                  tak
PERMISSION:                             org.freedesktop.NetworkManager.settings.modify.global-dns
VALUE:                                  nie
PERMISSION:                             org.freedesktop.NetworkManager.reload
VALUE:                                  nie
PERMISSION:                             org.freedesktop.NetworkManager.checkpoint-rollback
VALUE:                                  nieznane
PERMISSION:                             org.freedesktop.NetworkManager.enable-disable-statistics
VALUE:                                  nieznane
PERMISSION:                             org.freedesktop.NetworkManager.enable-disable-connectivity-check
VALUE:                                  nieznane
PERMISSION:                             org.freedesktop.NetworkManager.wifi.scan
VALUE:                                  nieznane

<<<
size: 2593
location: clients/tests/test-client.py:850:test_001()/35
cmd: $NMCLI --mode multiline --color yes general permissions
lang: C
returncode: 0
stdout: 2425 bytes
>>>
PERMISSION:                             org.freedesktop.NetworkManager.enable-disable-network
VALUE:                                  [32myes[0m
PERMISSION:                             org.freedesktop.NetworkManager.enable-disable-wifi
VALUE:                                  [32myes[0m
PERMISSION:                             org.freedesktop.NetworkManager.enable-disable-wwan
VALUE:                                  [32myes[0m
PERMISSION:                             org.freedesktop.NetworkManager.enable-disable-wimax
VALUE:                                  [32myes[0m
PERMISSION:                             org.freedesktop.NetworkManager.sleep-wake
VALUE:                                  [31mno[0m
PERMISSION:                             org.freedesktop.NetworkManager.network-control
VALUE:                                  [32myes[0m
PERMISSION:                             org.freedesktop.NetworkManager.wifi.share.protected
VALUE:                                  [32myes[0m
PERMISSION:                             org.freedesktop.NetworkManager.wifi.share.open
VALUE:                                  [32myes[0m
PERMISSION:                             org.freedesktop.NetworkManager.settings.modify.system
VALUE:                                  [32myes[0m
PERMISSION:                             org.freedesktop.NetworkManager.settings.modify.own
VALUE:                                  [32myes[0m
PERMISSION:                             org.freedesktop.NetworkManager.settings.modify.hostname
VALUE:                                  [32myes[0m
PERMISSION:                             org.freedesktop.NetworkManager.settings.modify.global-dns
VALUE:                                  [31mno[0m
PERMISSION:                             org.freedesktop.NetworkManager.reload
VALUE:                                  [31mno[0m
PERMISSION:                             org.freedesktop.NetworkManager.checkpoint-rollback
VALUE:                                  unknown
PERMISSION:                             org.freedesktop.NetworkManager.enable-disable-statistics
VALUE:                                  unknown
PERMISSION:                             org.freedesktop.NetworkManager.enable-disable-connectivity-check
VALUE:                                  unknown
PERMISSION:                             org.freedesktop.NetworkManager.wifi.scan
VALUE:                                  unknown

<<<
size: 2610
location: clients/tests/test-client.py:850:test_001()/36
cmd: $NMCLI --mode multiline --color yes general permissions
lang: pl_PL.UTF-8
returncode: 0
stdout: 2432 bytes
>>>
PERMISSION:                             org.freedesktop.NetworkManager.enable-disable-network
VALUE:                                  [32mtak[0m
PERMISSION:                             org.freedesktop.NetworkManager.enable-disable-wifi
VALUE:                                  [32mtak[0m
PERMISSION:                             org.freedesktop.NetworkManager.enable-disable-wwan
VALUE:                                  [32mtak[0m
PERMISSION:                             org.freedesktop.NetworkManager.enable-disable-wimax
VALUE:                                  [32mtak[0m
PERMISSION:                             org.freedesktop.NetworkManager.sleep-wake
VALUE:                                  [31mnie[0m
PERMISSION:                             org.freedesktop.NetworkManager.network-control
VALUE:                                  [32mtak[0m
PERMISSION:                             org.freedesktop.NetworkManager.wifi.share.protected
VALUE:                                  [32mtak[0m
PERMISSION:                             org.freedesktop.NetworkManager.wifi.share.open
VALUE:                                  [32mtak[0m
PERMISSION:                             org.freedesktop.NetworkManager.settings.modify.system
VALUE:                                  [32mtak[0m
PERMISSION:                             org.freedesktop.NetworkManager.settings.modify.own
VALUE:                                  [32mtak[0m
PERMISSION:                             org.freedesktop.NetworkManager.settings.modify.hostname
VALUE:                                  [32mtak[0m
PERMISSION:                             org.freedesktop.NetworkManager.settings.modify.global-dns
VALUE:                                  [31mnie[0m
PERMISSION:                             org.freedesktop.NetworkManager.reload
VALUE:                                  [31mnie[0m
PERMISSION:                             org.freedesktop.NetworkManager.checkpoint-rollback
VALUE:                                  nieznane
PERMISSION:                             org.freedesktop.NetworkManager.enable-disable-statistics
VALUE:                                  nieznane
PERMISSION:                             org.freedesktop.NetworkManager.enable-disable-connectivity-check
VALUE:                                  nieznane
PERMISSION:                             org.freedesktop.NetworkManager.wifi.scan
VALUE:                                  nieznane

<<<
size: 4046
location: clients/tests/test-client.py:850:test_001()/37
cmd: $NMCLI --mode multiline --pretty general permissions
lang: C
returncode: 0
stdout: 3881 bytes
>>>
===============================================================================
                          NetworkManager permissions
===============================================================================
PERMISSION:                             org.freedesktop.NetworkManager.enable-disable-network
VALUE:                                  yes
-------------------------------------------------------------------------------
PERMISSION:                             org.freedesktop.NetworkManager.enable-disable-wifi
VALUE:                                  yes
-------------------------------------------------------------------------------
PERMISSION:                             org.freedesktop.NetworkManager.enable-disable-wwan
VALUE:                                  yes
-------------------------------------------------------------------------------
PERMISSION:                             org.freedesktop.NetworkManager.enable-disable-wimax
VALUE:                                  yes
-------------------------------------------------------------------------------
PERMISSION:                             org.freedesktop.NetworkManager.sleep-wake
VALUE:                                  no
-------------------------------------------------------------------------------
PERMISSION:                             org.freedesktop.NetworkManager.network-control
VALUE:                                  yes
-------------------------------------------------------------------------------
PERMISSION:                             org.freedesktop.NetworkManager.wifi.share.protected
VALUE:                                  yes
-------------------------------------------------------------------------------
PERMISSION:                             org.freedesktop.NetworkManager.wifi.share.open
VALUE:                                  yes
-------------------------------------------------------------------------------
PERMISSION:                             org.freedesktop.NetworkManager.settings.modify.system
VALUE:                                  yes
-------------------------------------------------------------------------------
PERMISSION:                             org.freedesktop.NetworkManager.settings.modify.own
VALUE:                                  yes
-------------------------------------------------------------------------------
PERMISSION:                             org.freedesktop.NetworkManager.settings.modify.hostname
VALUE:                                  yes
-------------------------------------------------------------------------------
PERMISSION:                             org.freedesktop.NetworkManager.settings.modify.global-dns
VALUE:                                  no
-------------------------------------------------------------------------------
PERMISSION:                             org.freedesktop.NetworkManager.reload
VALUE:                                  no
-------------------------------------------------------------------------------
PERMISSION:                             org.freedesktop.NetworkManager.checkpoint-rollback
VALUE:                                  unknown
-------------------------------------------------------------------------------
PERMISSION:                             org.freedesktop.NetworkManager.enable-disable-statistics
VALUE:                                  unknown
-------------------------------------------------------------------------------
PERMISSION:                             org.freedesktop.NetworkManager.enable-disable-connectivity-check
VALUE:                                  unknown
-------------------------------------------------------------------------------
PERMISSION:                             org.freedesktop.NetworkManager.wifi.scan
VALUE:                                  unknown
-------------------------------------------------------------------------------

<<<
size: 4068
location: clients/tests/test-client.py:850:test_001()/38
cmd: $NMCLI --mode multiline --pretty general permissions
lang: pl_PL.UTF-8
returncode: 0
stdout: 3893 bytes
>>>
===============================================================================
                       Uprawnienia usługi NetworkManager
===============================================================================
PERMISSION:                             org.freedesktop.NetworkManager.enable-disable-network
VALUE:                                  tak
-------------------------------------------------------------------------------
PERMISSION:                             org.freedesktop.NetworkManager.enable-disable-wifi
VALUE:                                  tak
-------------------------------------------------------------------------------
PERMISSION:                             org.freedesktop.NetworkManager.enable-disable-wwan
VALUE:                                  tak
-------------------------------------------------------------------------------
PERMISSION:                             org.freedesktop.NetworkManager.enable-disable-wimax
VALUE:                                  tak
-------------------------------------------------------------------------------
PERMISSION:                             org.freedesktop.NetworkManager.sleep-wake
VALUE:                                  nie
-------------------------------------------------------------------------------
PERMISSION:                             org.freedesktop.NetworkManager.network-control
VALUE:                                  tak
-------------------------------------------------------------------------------
PERMISSION:                             org.freedesktop.NetworkManager.wifi.share.protected
VALUE:                                  tak
-------------------------------------------------------------------------------
PERMISSION:                             org.freedesktop.NetworkManager.wifi.share.open
VALUE:                                  tak
-------------------------------------------------------------------------------
PERMISSION:                             org.freedesktop.NetworkManager.settings.modify.system
VALUE:                                  tak
-------------------------------------------------------------------------------
PERMISSION:                             org.freedesktop.NetworkManager.settings.modify.own
VALUE:                                  tak
-------------------------------------------------------------------------------
PERMISSION:                             org.freedesktop.NetworkManager.settings.modify.hostname
VALUE:                                  tak
-------------------------------------------------------------------------------
PERMISSION:                             org.freedesktop.NetworkManager.settings.modify.global-dns
VALUE:                                  nie
-------------------------------------------------------------------------------
PERMISSION:                             org.freedesktop.NetworkManager.reload
VALUE:                                  nie
-------------------------------------------------------------------------------
PERMISSION:                             org.freedesktop.NetworkManager.checkpoint-rollback
VALUE:                                  nieznane
-------------------------------------------------------------------------------
PERMISSION:                             org.freedesktop.NetworkManager.enable-disable-statistics
VALUE:                                  nieznane
-------------------------------------------------------------------------------
PERMISSION:                             org.freedesktop.NetworkManager.enable-disable-connectivity-check
VALUE:                                  nieznane
-------------------------------------------------------------------------------
PERMISSION:                             org.freedesktop.NetworkManager.wifi.scan
VALUE:                                  nieznane
-------------------------------------------------------------------------------

<<<
size: 4175
location: clients/tests/test-client.py:850:test_001()/39
cmd: $NMCLI --mode multiline --pretty --color yes general permissions
lang: C
returncode: 0
stdout: 3998 bytes
>>>
===============================================================================
                          NetworkManager permissions
===============================================================================
PERMISSION:                             org.freedesktop.NetworkManager.enable-disable-network
VALUE:                                  [32myes[0m
-------------------------------------------------------------------------------
PERMISSION:                             org.freedesktop.NetworkManager.enable-disable-wifi
VALUE:                                  [32myes[0m
-------------------------------------------------------------------------------
PERMISSION:                             org.freedesktop.NetworkManager.enable-disable-wwan
VALUE:                                  [32myes[0m
-------------------------------------------------------------------------------
PERMISSION:                             org.freedesktop.NetworkManager.enable-disable-wimax
VALUE:                                  [32myes[0m
-------------------------------------------------------------------------------
PERMISSION:                             org.freedesktop.NetworkManager.sleep-wake
VALUE:                                  [31mno[0m
-------------------------------------------------------------------------------
PERMISSION:                             org.freedesktop.NetworkManager.network-control
VALUE:                                  [32myes[0m
-------------------------------------------------------------------------------
PERMISSION:                             org.freedesktop.NetworkManager.wifi.share.protected
VALUE:                                  [32myes[0m
-------------------------------------------------------------------------------
PERMISSION:                             org.freedesktop.NetworkManager.wifi.share.open
VALUE:                                  [32myes[0m
-------------------------------------------------------------------------------
PERMISSION:                             org.freedesktop.NetworkManager.settings.modify.system
VALUE:                                  [32myes[0m
-------------------------------------------------------------------------------
PERMISSION:                             org.freedesktop.NetworkManager.settings.modify.own
VALUE:                                  [32myes[0m
-------------------------------------------------------------------------------
PERMISSION:                             org.freedesktop.NetworkManager.settings.modify.hostname
VALUE:                                  [32myes[0m
-------------------------------------------------------------------------------
PERMISSION:                             org.freedesktop.NetworkManager.settings.modify.global-dns
VALUE:                                  [31mno[0m
-------------------------------------------------------------------------------
PERMISSION:                             org.freedesktop.NetworkManager.reload
VALUE:                                  [31mno[0m
-------------------------------------------------------------------------------
PERMISSION:                             org.freedesktop.NetworkManager.checkpoint-rollback
VALUE:                                  unknown
-------------------------------------------------------------------------------
PERMISSION:                             org.freedesktop.NetworkManager.enable-disable-statistics
VALUE:                                  unknown
-------------------------------------------------------------------------------
PERMISSION:                             org.freedesktop.NetworkManager.enable-disable-connectivity-check
VALUE:                                  unknown
-------------------------------------------------------------------------------
PERMISSION:                             org.freedesktop.NetworkManager.wifi.scan
VALUE:                                  unknown
-------------------------------------------------------------------------------

<<<
size: 4197
location: clients/tests/test-client.py:850:test_001()/40
cmd: $NMCLI --mode multiline --pretty --color yes general permissions
lang: pl_PL.UTF-8
returncode: 0
stdout: 4010 bytes
>>>
===============================================================================
                       Uprawnienia usługi NetworkManager
===============================================================================
PERMISSION:                             org.freedesktop.NetworkManager.enable-disable-network
VALUE:                                  [32mtak[0m
-------------------------------------------------------------------------------
PERMISSION:                             org.freedesktop.NetworkManager.enable-disable-wifi
VALUE:                                  [32mtak[0m
-------------------------------------------------------------------------------
PERMISSION:                             org.freedesktop.NetworkManager.enable-disable-wwan
VALUE:                                  [32mtak[0m
-------------------------------------------------------------------------------
PERMISSION:                             org.freedesktop.NetworkManager.enable-disable-wimax
VALUE:                                  [32mtak[0m
-------------------------------------------------------------------------------
PERMISSION:                             org.freedesktop.NetworkManager.sleep-wake
VALUE:                                  [31mnie[0m
-------------------------------------------------------------------------------
PERMISSION:                             org.freedesktop.NetworkManager.network-control
VALUE:                                  [32mtak[0m
-------------------------------------------------------------------------------
PERMISSION:                             org.freedesktop.NetworkManager.wifi.share.protected
VALUE:                                  [32mtak[0m
-------------------------------------------------------------------------------
PERMISSION:                             org.freedesktop.NetworkManager.wifi.share.open
VALUE:                                  [32mtak[0m
-------------------------------------------------------------------------------
PERMISSION:                             org.freedesktop.NetworkManager.settings.modify.system
VALUE:                                  [32mtak[0m
-------------------------------------------------------------------------------
PERMISSION:                             org.freedesktop.NetworkManager.settings.modify.own
VALUE:                                  [32mtak[0m
-------------------------------------------------------------------------------
PERMISSION:                             org.freedesktop.NetworkManager.settings.modify.hostname
VALUE:                                  [32mtak[0m
-------------------------------------------------------------------------------
PERMISSION:                             org.freedesktop.NetworkManager.settings.modify.global-dns
VALUE:                                  [31mnie[0m
-------------------------------------------------------------------------------
PERMISSION:                             org.freedesktop.NetworkManager.reload
VALUE:                                  [31mnie[0m
-------------------------------------------------------------------------------
PERMISSION:                             org.freedesktop.NetworkManager.checkpoint-rollback
VALUE:                                  nieznane
-------------------------------------------------------------------------------
PERMISSION:                             org.freedesktop.NetworkManager.enable-disable-statistics
VALUE:                                  nieznane
-------------------------------------------------------------------------------
PERMISSION:                             org.freedesktop.NetworkManager.enable-disable-connectivity-check
VALUE:                                  nieznane
-------------------------------------------------------------------------------
PERMISSION:                             org.freedesktop.NetworkManager.wifi.scan
VALUE:                                  nieznane
-------------------------------------------------------------------------------

<<<
size: 1401
location: clients/tests/test-client.py:850:test_001()/41
cmd: $NMCLI --mode multiline --terse general permissions
lang: C
returncode: 0
stdout: 1237 bytes
>>>
PERMISSION:org.freedesktop.NetworkManager.enable-disable-network
VALUE:yes
PERMISSION:org.freedesktop.NetworkManager.enable-disable-wifi
VALUE:yes
PERMISSION:org.freedesktop.NetworkManager.enable-disable-wwan
VALUE:yes
PERMISSION:org.freedesktop.NetworkManager.enable-disable-wimax
VALUE:yes
PERMISSION:org.freedesktop.NetworkManager.sleep-wake
VALUE:no
PERMISSION:org.freedesktop.NetworkManager.network-control
VALUE:yes
PERMISSION:org.freedesktop.NetworkManager.wifi.share.protected
VALUE:yes
PERMISSION:org.freedesktop.NetworkManager.wifi.share.open
VALUE:yes
PERMISSION:org.freedesktop.NetworkManager.settings.modify.system
VALUE:yes
PERMISSION:org.freedesktop.NetworkManager.settings.modify.own
VALUE:yes
PERMISSION:org.freedesktop.NetworkManager.settings.modify.hostname
VALUE:yes
PERMISSION:org.freedesktop.NetworkManager.settings.modify.global-dns
VALUE:no
PERMISSION:org.freedesktop.NetworkManager.reload
VALUE:no
PERMISSION:org.freedesktop.NetworkManager.checkpoint-rollback
VALUE:unknown
PERMISSION:org.freedesktop.NetworkManager.enable-disable-statistics
VALUE:unknown
PERMISSION:org.freedesktop.NetworkManager.enable-disable-connectivity-check
VALUE:unknown
PERMISSION:org.freedesktop.NetworkManager.wifi.scan
VALUE:unknown

<<<
size: 1411
location: clients/tests/test-client.py:850:test_001()/42
cmd: $NMCLI --mode multiline --terse general permissions
lang: pl_PL.UTF-8
returncode: 0
stdout: 1237 bytes
>>>
PERMISSION:org.freedesktop.NetworkManager.enable-disable-network
VALUE:yes
PERMISSION:org.freedesktop.NetworkManager.enable-disable-wifi
VALUE:yes
PERMISSION:org.freedesktop.NetworkManager.enable-disable-wwan
VALUE:yes
PERMISSION:org.freedesktop.NetworkManager.enable-disable-wimax
VALUE:yes
PERMISSION:org.freedesktop.NetworkManager.sleep-wake
VALUE:no
PERMISSION:org.freedesktop.NetworkManager.network-control
VALUE:yes
PERMISSION:org.freedesktop.NetworkManager.wifi.share.protected
VALUE:yes
PERMISSION:org.freedesktop.NetworkManager.wifi.share.open
VALUE:yes
PERMISSION:org.freedesktop.NetworkManager.settings.modify.system
VALUE:yes
PERMISSION:org.freedesktop.NetworkManager.settings.modify.own
VALUE:yes
PERMISSION:org.freedesktop.NetworkManager.settings.modify.hostname
VALUE:yes
PERMISSION:org.freedesktop.NetworkManager.settings.modify.global-dns
VALUE:no
PERMISSION:org.freedesktop.NetworkManager.reload
VALUE:no
PERMISSION:org.freedesktop.NetworkManager.checkpoint-rollback
VALUE:unknown
PERMISSION:org.freedesktop.NetworkManager.enable-disable-statistics
VALUE:unknown
PERMISSION:org.freedesktop.NetworkManager.enable-disable-connectivity-check
VALUE:unknown
PERMISSION:org.freedesktop.NetworkManager.wifi.scan
VALUE:unknown

<<<
size: 1530
location: clients/tests/test-client.py:850:test_001()/43
cmd: $NMCLI --mode multiline --terse --color yes general permissions
lang: C
returncode: 0
stdout: 1354 bytes
>>>
PERMISSION:org.freedesktop.NetworkManager.enable-disable-network
VALUE:[32myes[0m
PERMISSION:org.freedesktop.NetworkManager.enable-disable-wifi
VALUE:[32myes[0m
PERMISSION:org.freedesktop.NetworkManager.enable-disable-wwan
VALUE:[32myes[0m
PERMISSION:org.freedesktop.NetworkManager.enable-disable-wimax
VALUE:[32myes[0m
PERMISSION:org.freedesktop.NetworkManager.sleep-wake
VALUE:[31mno[0m
PERMISSION:org.freedesktop.NetworkManager.network-control
VALUE:[32myes[0m
PERMISSION:org.freedesktop.NetworkManager.wifi.share.protected
VALUE:[32myes[0m
PERMISSION:org.freedesktop.NetworkManager.wifi.share.open
VALUE:[32myes[0m
PERMISSION:org.freedesktop.NetworkManager.settings.modify.system
VALUE:[32myes[0m
PERMISSION:org.freedesktop.NetworkManager.settings.modify.own
VALUE:[32myes[0m
PERMISSION:org.freedesktop.NetworkManager.settings.modify.hostname
VALUE:[32myes[0m
PERMISSION:org.freedesktop.NetworkManager.settings.modify.global-dns
VALUE:[31mno[0m
PERMISSION:org.freedesktop.NetworkManager.reload
VALUE:[31mno[0m
PERMISSION:org.freedesktop.NetworkManager.checkpoint-rollback
VALUE:unknown
PERMISSION:org.freedesktop.NetworkManager.enable-disable-statistics
VALUE:unknown
PERMISSION:org.freedesktop.NetworkManager.enable-disable-connectivity-check
VALUE:unknown
PERMISSION:org.freedesktop.NetworkManager.wifi.scan
VALUE:unknown

<<<
size: 1540
location: clients/tests/test-client.py:850:test_001()/44
cmd: $NMCLI --mode multiline --terse --color yes general permissions
lang: pl_PL.UTF-8
returncode: 0
stdout: 1354 bytes
>>>
PERMISSION:org.freedesktop.NetworkManager.enable-disable-network
VALUE:[32myes[0m
PERMISSION:org.freedesktop.NetworkManager.enable-disable-wifi
VALUE:[32myes[0m
PERMISSION:org.freedesktop.NetworkManager.enable-disable-wwan
VALUE:[32myes[0m
PERMISSION:org.freedesktop.NetworkManager.enable-disable-wimax
VALUE:[32myes[0m
PERMISSION:org.freedesktop.NetworkManager.sleep-wake
VALUE:[31mno[0m
PERMISSION:org.freedesktop.NetworkManager.network-control
VALUE:[32myes[0m
PERMISSION:org.freedesktop.NetworkManager.wifi.share.protected
VALUE:[32myes[0m
PERMISSION:org.freedesktop.NetworkManager.wifi.share.open
VALUE:[32myes[0m
PERMISSION:org.freedesktop.NetworkManager.settings.modify.system
VALUE:[32myes[0m
PERMISSION:org.freedesktop.NetworkManager.settings.modify.own
VALUE:[32myes[0m
PERMISSION:org.freedesktop.NetworkManager.settings.modify.hostname
VALUE:[32myes[0m
PERMISSION:org.freedesktop.NetworkManager.settings.modify.global-dns
VALUE:[31mno[0m
PERMISSION:org.freedesktop.NetworkManager.reload
VALUE:[31mno[0m
PERMISSION:org.freedesktop.NetworkManager.checkpoint-rollback
VALUE:unknown
PERMISSION:org.freedesktop.NetworkManager.enable-disable-statistics
VALUE:unknown
PERMISSION:org.freedesktop.NetworkManager.enable-disable-connectivity-check
VALUE:unknown
PERMISSION:org.freedesktop.NetworkManager.wifi.scan
VALUE:unknown

<<<
