location: clients/tests/test-client.py:965:test_004()/32
cmd: $NMCLI -f GENERAL con s con-vpn-1
lang: pl_PL.UTF-8
returncode: 0
stdout: 670 bytes
>>>
GENERAL.NAME:                           con-vpn-1
GENERAL.UUID:                           UUID-con-vpn-1-REPLACED-REPLACED-REP
GENERAL.DEVICES:                        wlan0
GENERAL.STATE:                          aktywowano
GENERAL.DEFAULT:                        nie
GENERAL.DEFAULT6:                       nie
GENERAL.SPEC-OBJECT:                    --
GENERAL.VPN:                            tak
GENERAL.DBUS-PATH:                      /org/freedesktop/NetworkManager/ActiveConnection/2
GENERAL.CON-PATH:                       /org/freedesktop/NetworkManager/Settings/Connection/3
GENERAL.ZONE:                           --
GENERAL.MASTER-PATH:                    --

<<<
stderr: 0 bytes
>>>

<<<
