location: clients/tests/test-client.py:989:test_004()/90
cmd: $NMCLI --mode multiline --pretty -f NAME,SSID,SSID-HEX,BSSID,MODE,CHAN,FREQ,RATE,SIGNAL,BARS,SECURITY,WPA-FLAGS,RSN-FLAGS,DEVICE,ACTIVE,IN-USE,DBUS-PATH device wifi list bssid C0:E2:BE:E8:EF:B6
lang: pl_PL.UTF-8
returncode: -5
stdout: 437 bytes
>>>
===============================================================================
                     Lista skanowania sieci Wi-Fi (wlan1)
===============================================================================

===============================================================================
                     Lista skanowania sieci Wi-Fi (wlan1)
===============================================================================

<<<
stderr: 17 bytes
>>>
<UNSTABLE OUTPUT>
<<<
