location: clients/tests/test-client.py:930:test_004()/47
cmd: $NMCLI -f NAME,SSID,SSID-HEX,BSSID,MODE,CHAN,FREQ,RATE,SIGNAL,BARS,SECURITY,WPA-FLAGS,RSN-FLAGS,DEVICE,ACTIVE,IN-USE,DBUS-PATH device wifi list bssid C0:E2:BE:E8:EF:B6
lang: C
returncode: -5
stdout: 269 bytes
>>>
NAME  SSID  SSID-HEX  BSSID  MODE  CHAN  FREQ  RATE  SIGNAL  BARS  SECURITY  WPA-FLAGS  RSN-FLAGS  DEVICE  ACTIVE  IN-USE  DBUS-PATH 

NAME  SSID  SSID-HEX  BSSID  MODE  CHAN  FREQ  RATE  SIGNAL  BARS  SECURITY  WPA-FLAGS  RSN-FLAGS  DEVICE  ACTIVE  IN-USE  DBUS-PATH 

<<<
stderr: 17 bytes
>>>
<UNSTABLE OUTPUT>
<<<
