location: clients/tests/test-client.py:871:test_003()/80
cmd: $NMCLI -f ALL con
lang: pl_PL.UTF-8
returncode: 0
stdout: 1625 bytes
>>>
NAME      UUID                                  TYPE      TIMESTAMP  TIMESTAMP-REAL  AUTOCONNECT  AUTOCONNECT-PRIORITY  READONLY  DBUS-PATH                                              ACTIVE  DEVICE  STATE           ACTIVE-PATH                                         SLAVE  FILENAME                                        
ethernet  UUID-ethernet-REPLACED-REPLACED-REPL  ethernet  --         --              --           --                    --        /org/freedesktop/NetworkManager/Settings/Connection/3  tak     eth1    aktywowano      /org/freedesktop/NetworkManager/ActiveConnection/2  --     /etc/NetworkManager/system-connections/ethernet 
ethernet  UUID-ethernet-REPLACED-REPLACED-REPL  ethernet  --         --              --           --                    --        /org/freedesktop/NetworkManager/Settings/Connection/3  tak     eth0    dezaktywowanie  /org/freedesktop/NetworkManager/ActiveConnection/1  --     /etc/NetworkManager/system-connections/ethernet 
con-1     5fcfd6d7-1e63-3332-8826-a7eda103792d  ethernet  0          nigdy           tak          0                     nie       /org/freedesktop/NetworkManager/Settings/Connection/1  nie     --      --              --                                                  --     /etc/NetworkManager/system-connections/con-1    
con-xx1   UUID-con-xx1-REPLACED-REPLACED-REPLA  ethernet  0          nigdy           tak          0                     nie       /org/freedesktop/NetworkManager/Settings/Connection/2  nie     --      --              --                                                  --     /etc/NetworkManager/system-connections/con-xx1  

<<<
stderr: 0 bytes
>>>

<<<
