location: clients/tests/test-client.py:972:test_004()/279
cmd: $NMCLI --mode multiline --color yes -f COMMON device wifi list
lang: C
returncode: 0
stdout: 1766 bytes
>>>
IN-USE:                                 [35m [0m
SSID:                                   [35mwlan1-ap-4[0m
MODE:                                   [35mInfra[0m
CHAN:                                   [35m1[0m
RATE:                                   [35m54 Mbit/s[0m
SIGNAL:                                 [35m48[0m
BARS:                                   [35m**  [0m
SECURITY:                               [35mWPA1 WPA2[0m


IN-USE:                                 [32m [0m
SSID:                                   [32mwlan0-ap-2[0m
MODE:                                   [32mInfra[0m
CHAN:                                   [32m1[0m
RATE:                                   [32m54 Mbit/s[0m
SIGNAL:                                 [32m92[0m
BARS:                                   [32m****[0m
SECURITY:                               [32mWPA1 WPA2[0m
IN-USE:                                 [32m [0m
SSID:                                   [32mwlan0-ap-1[0m
MODE:                                   [32mInfra[0m
CHAN:                                   [32m1[0m
RATE:                                   [32m54 Mbit/s[0m
SIGNAL:                                 [32m81[0m
BARS:                                   [32m****[0m
SECURITY:                               [32mWPA1 WPA2[0m
IN-USE:                                 [35m [0m
SSID:                                   [35mwlan0-ap-3[0m
MODE:                                   [35mInfra[0m
CHAN:                                   [35m1[0m
RATE:                                   [35m54 Mbit/s[0m
SIGNAL:                                 [35m55[0m
BARS:                                   [35m**  [0m
SECURITY:                               [35mWPA1 WPA2[0m

<<<
stderr: 0 bytes
>>>

<<<
