location: clients/tests/test-client.py:977:test_004()/140
cmd: $NMCLI --terse --color yes -f ALL device wifi list bssid C0:E2:BE:E8:EF:B6
lang: pl_PL.UTF-8
returncode: 0
stdout: 420 bytes
>>>
[32mAP[1][0m:[32mwlan0-ap-2[0m:[32m776C616E302D61702D32[0m:[32mC0\:E2\:BE\:E8\:EF\:B6[0m:[32mInfrastruktura[0m:[32m1[0m:[32m2412 MHz[0m:[32m54 Mb/s[0m:[32m92[0m:[32m****[0m:[32mWPA1 WPA2[0m:[32mpair_tkip pair_ccmp group_tkip group_ccmp psk[0m:[32mpair_tkip pair_ccmp group_tkip group_ccmp psk[0m:[32mwlan0[0m:[32mnie[0m:[32m [0m:[32m/org/freedesktop/NetworkManager/AccessPoint/2[0m

<<<
stderr: 0 bytes
>>>

<<<
