location: clients/tests/test-client.py:1002:test_004()/168
cmd: $NMCLI --mode multiline -f GENERAL,CAPABILITIES,WIFI-PROPERTIES,AP,WIRED-PROPERTIES,WIMAX-PROPERTIES,NSP,IP4,DHCP4,IP6,DHCP6,BOND,TEAM,BRIDGE,VLAN,BLUETOOTH,CONNECTIONS device show wlan0
lang: pl_PL.UTF-8
returncode: 0
stdout: 4643 bytes
>>>
GENERAL.DEVICE:                         wlan0
GENERAL.TYPE:                           wifi
GENERAL.NM-TYPE:                        NMDeviceWifi
GENERAL.VENDOR:                         --
GENERAL.PRODUCT:                        --
GENERAL.DRIVER:                         virtual
GENERAL.DRIVER-VERSION:                 --
GENERAL.FIRMWARE-VERSION:               --
GENERAL.HWADDR:                         13:E0:74:85:7C:D9
GENERAL.MTU:                            0
GENERAL.STATE:                          20 (niedostępne)
GENERAL.REASON:                         0 (Nie podano przyczyny)
GENERAL.UDI:                            /sys/devices/virtual/wlan0
GENERAL.IP-IFACE:                       --
GENERAL.IS-SOFTWARE:                    nie
GENERAL.NM-MANAGED:                     tak
GENERAL.AUTOCONNECT:                    tak
GENERAL.FIRMWARE-MISSING:               nie
GENERAL.NM-PLUGIN-MISSING:              nie
GENERAL.PHYS-PORT-ID:                   --
GENERAL.CONNECTION:                     con-vpn-1
GENERAL.CON-UUID:                       UUID-con-vpn-1-REPLACED-REPLACED-REP
GENERAL.CON-PATH:                       /org/freedesktop/NetworkManager/ActiveConnection/2
GENERAL.METERED:                        nieznane
CAPABILITIES.CARRIER-DETECT:            nie
CAPABILITIES.SPEED:                     nieznane
CAPABILITIES.IS-SOFTWARE:               nie
CAPABILITIES.SRIOV:                     nie
WIFI-PROPERTIES.WEP:                    tak
WIFI-PROPERTIES.WPA:                    tak
WIFI-PROPERTIES.WPA2:                   tak
WIFI-PROPERTIES.TKIP:                   tak
WIFI-PROPERTIES.CCMP:                   tak
WIFI-PROPERTIES.AP:                     tak
WIFI-PROPERTIES.ADHOC:                  tak
WIFI-PROPERTIES.2GHZ:                   nieznane
WIFI-PROPERTIES.5GHZ:                   nieznane
AP[1].IN-USE:                            
AP[1].SSID:                             wlan0-ap-2
AP[1].MODE:                             Infrastruktura
AP[1].CHAN:                             1
AP[1].RATE:                             54 Mb/s
AP[1].SIGNAL:                           92
AP[1].BARS:                             ****
AP[1].SECURITY:                         WPA1 WPA2
AP[2].IN-USE:                            
AP[2].SSID:                             wlan0-ap-1
AP[2].MODE:                             Infrastruktura
AP[2].CHAN:                             1
AP[2].RATE:                             54 Mb/s
AP[2].SIGNAL:                           81
AP[2].BARS:                             ****
AP[2].SECURITY:                         WPA1 WPA2
AP[3].IN-USE:                            
AP[3].SSID:                             wlan0-ap-3
AP[3].MODE:                             Infrastruktura
AP[3].CHAN:                             1
AP[3].RATE:                             54 Mb/s
AP[3].SIGNAL:                           55
AP[3].BARS:                             **  
AP[3].SECURITY:                         WPA1 WPA2
IP4.ADDRESS[1]:                         192.168.228.18/32
IP4.ADDRESS[2]:                         192.168.209.179/25
IP4.GATEWAY:                            192.168.41.120
IP4.DOMAIN[1]:                          sear4.foo2.bar
IP4.DOMAIN[2]:                          sear4.fo.x.y
IP4.DOMAIN[3]:                          sear4.foo1.bar
IP4.DOMAIN[4]:                          sear4.foo4.bar
IP4.DOMAIN[5]:                          sear4.fo.o.bar
IP4.WINS[1]:                            192.168.120.79
DHCP4.OPTION[1]:                        dhcp-4-opt-0 = val-0
DHCP4.OPTION[2]:                        dhcp-4-opt-2 = val-2
DHCP4.OPTION[3]:                        dhcp-4-opt-4 = val-4
DHCP4.OPTION[4]:                        dhcp-4-opt-7 = val-7
IP6.GATEWAY:                            --
IP6.ROUTE[1]:                           dst = 2001:a::dd5b:aa7b:b4a2:e42/102, nh = ::, mt = 2504159086
IP6.DOMAIN[1]:                          sear6.foo2.bar
IP6.DOMAIN[2]:                          sear6.foo1.bar
IP6.DOMAIN[3]:                          sear6.fo.x.y
IP6.DOMAIN[4]:                          sear6.fo.o.bar
IP6.DOMAIN[5]:                          sear6.foo3.bar
IP6.DOMAIN[6]:                          sear6.foo4.bar
DHCP6.OPTION[1]:                        dhcp-6-opt-1 = val-1
DHCP6.OPTION[2]:                        dhcp-6-opt-2 = val-2
DHCP6.OPTION[3]:                        dhcp-6-opt-3 = val-3
DHCP6.OPTION[4]:                        dhcp-6-opt-4 = val-4
DHCP6.OPTION[5]:                        dhcp-6-opt-5 = val-5
CONNECTIONS.AVAILABLE-CONNECTION-PATHS: /org/freedesktop/NetworkManager/Settings/{2}
CONNECTIONS.AVAILABLE-CONNECTIONS[1]:   UUID-con-xx1-REPLACED-REPLACED-REPLA | con-xx1

<<<
stderr: 0 bytes
>>>

<<<
