location: clients/tests/test-client.py:887:test_003()/145
cmd: $NMCLI --mode tabular --pretty -f all dev show eth0
lang: C
returncode: 0
stdout: 4195 bytes
>>>
=========================
  Device details (eth0)
=========================
NAME     DEVICE  TYPE      NM-TYPE           VENDOR  PRODUCT  DRIVER   DRIVER-VERSION  FIRMWARE-VERSION  HWADDR             MTU  STATE             REASON               UDI                        IP-IFACE  IS-SOFTWARE  NM-MANAGED  AUTOCONNECT  FIRMWARE-MISSING  NM-PLUGIN-MISSING  PHYS-PORT-ID  CONNECTION  CON-UUID                              CON-PATH                                            METERED 
---------------------------------------------------------------------------------------------------------------------------------------------------------------------------------------------------------------------------------------------------------------------------------------------------------------------------------------------------------------------------------------------------------------------
GENERAL  eth0    ethernet  NMDeviceEthernet  --      --       virtual  --              --                C0:61:AE:26:4D:D7  0    20 (unavailable)  0 (No reason given)  /sys/devices/virtual/eth0  --        no           yes         yes          no                no                 --            ethernet    UUID-ethernet-REPLACED-REPLACED-REPL  /org/freedesktop/NetworkManager/ActiveConnection/1  unknown 

NAME          CARRIER-DETECT  SPEED     IS-SOFTWARE  SRIOV 
------------------------------------------------------------
CAPABILITIES  no              100 Mb/s  no           no    

NAME              CARRIER  S390-SUBCHANNELS 
---------------------------------------------
WIRED-PROPERTIES  off      --               

GROUP  ADDRESS           GATEWAY  ROUTE                                                                                                         DNS              DOMAIN          WINS                           
-----------------------------------------------------------------------------------------------------------------------------------------------------------------------------------------------------------------
IP4    192.168.6.238/29  --       dst = 192.168.58.133/31, nh = 192.168.50.116, mt = 3130348792 | dst = 192.168.155.50/19, nh = 192.168.127.64  192.168.213.113  sear4.foo4.bar  192.168.156.115 | 192.168.8.33 

GROUP  OPTION 
---------------
DHCP4  --     

GROUP  ADDRESS                                                                                          GATEWAY                      ROUTE                                                            DNS                                                                                     DOMAIN                        
-----------------------------------------------------------------------------------------------------------------------------------------------------------------------------------------------------------------------------------------------------------------------------------------------------------------------------
IP6    2001:a::29c0:62b9:2e01:30a/69 | 2001:a::6433:6420:34f9:3801/115 | 2001:a::8191:ed6b:8ce:b60/103  2001:a::2b50:64d1:9a91:23b4  dst = 2001:a::5ecb:f5ee:fb96:856c/100, nh = ::, mt = 4249082794  2001:a::1323:9a78:2b82:d16b | 2001:a::4e1:24e6:b8c1:91bb | 2001:a::bd96:3bed:fbd6:19c5  sear6.fo.x.y | sear6.foo4.bar 

GROUP  OPTION                                                                                    
--------------------------------------------------------------------------------------------------
DHCP6  dhcp-6-opt-1 = val-1 | dhcp-6-opt-5 = val-5 | dhcp-6-opt-6 = val-6 | dhcp-6-opt-8 = val-8 

NAME         AVAILABLE-CONNECTION-PATHS                                   AVAILABLE-CONNECTIONS                                                                                                                           
---------------------------------------------------------------------------------------------------------------------------------------------------------------------------------------------------------------------------
CONNECTIONS  /org/freedesktop/NetworkManager/Settings/Connection/{1,2,3}  5fcfd6d7-1e63-3332-8826-a7eda103792d | con-1 | UUID-con-xx1-REPLACED-REPLACED-REPLA | con-xx1 | UUID-ethernet-REPLACED-REPLACED-REPL | ethernet 

<<<
stderr: 0 bytes
>>>

<<<
