location: clients/tests/test-client.py:761:test_001()/23
cmd: $NMCLI --mode multiline --pretty general permissions
lang: C
returncode: 0
stdout: 3672 bytes
>>>
===============================================================================
                          NetworkManager permissions
===============================================================================
PERMISSION:                             org.freedesktop.NetworkManager.enable-disable-network
VALUE:                                  yes
-------------------------------------------------------------------------------
PERMISSION:                             org.freedesktop.NetworkManager.enable-disable-wifi
VALUE:                                  yes
-------------------------------------------------------------------------------
PERMISSION:                             org.freedesktop.NetworkManager.enable-disable-wwan
VALUE:                                  yes
-------------------------------------------------------------------------------
PERMISSION:                             org.freedesktop.NetworkManager.enable-disable-wimax
VALUE:                                  yes
-------------------------------------------------------------------------------
PERMISSION:                             org.freedesktop.NetworkManager.sleep-wake
VALUE:                                  no
-------------------------------------------------------------------------------
PERMISSION:                             org.freedesktop.NetworkManager.network-control
VALUE:                                  yes
-------------------------------------------------------------------------------
PERMISSION:                             org.freedesktop.NetworkManager.wifi.share.protected
VALUE:                                  yes
-------------------------------------------------------------------------------
PERMISSION:                             org.freedesktop.NetworkManager.wifi.share.open
VALUE:                                  yes
-------------------------------------------------------------------------------
PERMISSION:                             org.freedesktop.NetworkManager.settings.modify.system
VALUE:                                  yes
-------------------------------------------------------------------------------
PERMISSION:                             org.freedesktop.NetworkManager.settings.modify.own
VALUE:                                  yes
-------------------------------------------------------------------------------
PERMISSION:                             org.freedesktop.NetworkManager.settings.modify.hostname
VALUE:                                  yes
-------------------------------------------------------------------------------
PERMISSION:                             org.freedesktop.NetworkManager.settings.modify.global-dns
VALUE:                                  no
-------------------------------------------------------------------------------
PERMISSION:                             org.freedesktop.NetworkManager.reload
VALUE:                                  no
-------------------------------------------------------------------------------
PERMISSION:                             org.freedesktop.NetworkManager.checkpoint-rollback
VALUE:                                  unknown
-------------------------------------------------------------------------------
PERMISSION:                             org.freedesktop.NetworkManager.enable-disable-statistics
VALUE:                                  unknown
-------------------------------------------------------------------------------
PERMISSION:                             org.freedesktop.NetworkManager.enable-disable-connectivity-check
VALUE:                                  unknown
-------------------------------------------------------------------------------

<<<
stderr: 0 bytes
>>>

<<<
