location: clients/tests/test-client.py:977:test_004()/283
cmd: $NMCLI --mode multiline --color yes -f ALL device wifi list bssid C0:E2:BE:E8:EF:B6
lang: C
returncode: 0
stdout: 1083 bytes
>>>
NAME:                                   [32mAP[1][0m
SSID:                                   [32mwlan0-ap-2[0m
SSID-HEX:                               [32m776C616E302D61702D32[0m
BSSID:                                  [32mC0:E2:BE:E8:EF:B6[0m
MODE:                                   [32mInfra[0m
CHAN:                                   [32m1[0m
FREQ:                                   [32m2412 MHz[0m
RATE:                                   [32m54 Mbit/s[0m
SIGNAL:                                 [32m92[0m
BARS:                                   [32m****[0m
SECURITY:                               [32mWPA1 WPA2[0m
WPA-FLAGS:                              [32mpair_tkip pair_ccmp group_tkip group_ccmp psk[0m
RSN-FLAGS:                              [32mpair_tkip pair_ccmp group_tkip group_ccmp psk[0m
DEVICE:                                 [32mwlan0[0m
ACTIVE:                                 [32mno[0m
IN-USE:                                 [32m [0m
DBUS-PATH:                              [32m/org/freedesktop/NetworkManager/AccessPoint/2[0m

<<<
stderr: 0 bytes
>>>

<<<
