location: clients/tests/test-client.py:895:test_003()/73
cmd: $NMCLI con s ethernet
lang: C
returncode: 0
stdout: 4891 bytes
>>>
connection.id:                          ethernet
connection.uuid:                        UUID-ethernet-REPLACED-REPLACED-REPL
connection.stable-id:                   --
connection.type:                        802-3-ethernet
connection.interface-name:              --
connection.autoconnect:                 yes
connection.autoconnect-priority:        0
connection.autoconnect-retries:         -1 (default)
connection.auth-retries:                -1
connection.timestamp:                   0
connection.read-only:                   no
connection.permissions:                 --
connection.zone:                        --
connection.master:                      --
connection.slave-type:                  --
connection.autoconnect-slaves:          -1 (default)
connection.secondaries:                 --
connection.gateway-ping-timeout:        0
connection.metered:                     unknown
connection.lldp:                        default
connection.mdns:                        -1 (default)
802-3-ethernet.port:                    --
802-3-ethernet.speed:                   0
802-3-ethernet.duplex:                  --
802-3-ethernet.auto-negotiate:          no
802-3-ethernet.mac-address:             --
802-3-ethernet.cloned-mac-address:      --
802-3-ethernet.generate-mac-address-mask:--
802-3-ethernet.mac-address-blacklist:   --
802-3-ethernet.mtu:                     auto
802-3-ethernet.s390-subchannels:        --
802-3-ethernet.s390-nettype:            --
802-3-ethernet.s390-options:            --
802-3-ethernet.wake-on-lan:             default
802-3-ethernet.wake-on-lan-password:    --
ipv4.method:                            auto
ipv4.dns:                               --
ipv4.dns-search:                        --
ipv4.dns-options:                       ""
ipv4.dns-priority:                      0
ipv4.addresses:                         --
ipv4.gateway:                           --
ipv4.routes:                            --
ipv4.route-metric:                      -1
ipv4.route-table:                       0 (unspec)
ipv4.ignore-auto-routes:                no
ipv4.ignore-auto-dns:                   no
ipv4.dhcp-client-id:                    --
ipv4.dhcp-timeout:                      0 (default)
ipv4.dhcp-send-hostname:                yes
ipv4.dhcp-hostname:                     --
ipv4.dhcp-fqdn:                         --
ipv4.never-default:                     no
ipv4.may-fail:                          yes
ipv4.dad-timeout:                       -1 (default)
ipv6.method:                            auto
ipv6.dns:                               --
ipv6.dns-search:                        --
ipv6.dns-options:                       ""
ipv6.dns-priority:                      0
ipv6.addresses:                         --
ipv6.gateway:                           --
ipv6.routes:                            --
ipv6.route-metric:                      -1
ipv6.route-table:                       0 (unspec)
ipv6.ignore-auto-routes:                no
ipv6.ignore-auto-dns:                   no
ipv6.never-default:                     no
ipv6.may-fail:                          yes
ipv6.ip6-privacy:                       -1 (unknown)
ipv6.addr-gen-mode:                     stable-privacy
ipv6.dhcp-duid:                         --
ipv6.dhcp-send-hostname:                yes
ipv6.dhcp-hostname:                     --
ipv6.token:                             --
proxy.method:                           none
proxy.browser-only:                     no
proxy.pac-url:                          --
proxy.pac-script:                       --
GENERAL.NAME:                           ethernet
GENERAL.UUID:                           UUID-ethernet-REPLACED-REPLACED-REPL
GENERAL.DEVICES:                        eth1
GENERAL.STATE:                          activated
GENERAL.DEFAULT:                        no
GENERAL.DEFAULT6:                       no
GENERAL.SPEC-OBJECT:                    --
GENERAL.VPN:                            no
GENERAL.DBUS-PATH:                      /org/freedesktop/NetworkManager/ActiveConnection/2
GENERAL.CON-PATH:                       /org/freedesktop/NetworkManager/Settings/Connection/3
GENERAL.ZONE:                           --
GENERAL.MASTER-PATH:                    --

GENERAL.NAME:                           ethernet
GENERAL.UUID:                           UUID-ethernet-REPLACED-REPLACED-REPL
GENERAL.DEVICES:                        eth0
GENERAL.STATE:                          deactivating
GENERAL.DEFAULT:                        no
GENERAL.DEFAULT6:                       no
GENERAL.SPEC-OBJECT:                    --
GENERAL.VPN:                            no
GENERAL.DBUS-PATH:                      /org/freedesktop/NetworkManager/ActiveConnection/1
GENERAL.CON-PATH:                       /org/freedesktop/NetworkManager/Settings/Connection/3
GENERAL.ZONE:                           --
GENERAL.MASTER-PATH:                    --

<<<
stderr: 0 bytes
>>>

<<<
