location: clients/tests/test-client.py:962:test_004()/30
cmd: $NMCLI -f VPN con s con-vpn-1
lang: pl_PL.UTF-8
returncode: 0
stdout: 335 bytes
>>>
vpn.service-type:                       org.freedesktop.NetworkManager.openvpn
vpn.user-name:                          --
vpn.data:                               key1 = val1, key2 = val2, key3 = val3
vpn.secrets:                            <hidden>
vpn.persistent:                         nie
vpn.timeout:                            0

<<<
stderr: 0 bytes
>>>

<<<
