location: clients/tests/test-client.py:770:test_002()/5
cmd: $NMCLI 
lang: C
returncode: 0
stdout: 621 bytes
>>>
eth0: unavailable
	"eth0"
	ethernet (virtual), 65:2E:D3:9E:0A:0D, hw

eth1: unavailable
	"eth1"
	ethernet (virtual), 47:D5:6B:65:FD:6A, hw

wlan0: unavailable
	"wlan0"
	wifi (virtual), 3D:99:1D:8B:74:4D, hw

wlan1: unavailable
	"wlan1"
	wifi (virtual), 99:09:77:FD:FE:1D, hw

wlan1: unavailable
	"wlan1"
	wifi (virtual), 5D:30:4A:EC:3F:61, hw

DNS configuration:
	servers: 1.2.3.4 5.6.7.8

Use "nmcli device show" to get complete information about known devices and
"nmcli connection show" to get an overview on active connection profiles.

Consult nmcli(1) and nmcli-examples(5) manual pages for complete usage details.

<<<
stderr: 0 bytes
>>>

<<<
