location: clients/tests/test-client.py:993:test_004()/160
cmd: $NMCLI --mode multiline -f COMMON device wifi list bssid C0:E2:BE:E8:EF:B6
lang: pl_PL.UTF-8
returncode: 0
stdout: 378 bytes
>>>
IN-USE:                                  
SSID:                                   wlan0-ap-2
MODE:                                   Infrastruktura
CHAN:                                   1
RATE:                                   54 Mb/s
SIGNAL:                                 92
BARS:                                   ****
SECURITY:                               WPA1 WPA2

<<<
stderr: 0 bytes
>>>

<<<
