location: clients/tests/test-client.py:915:test_004()/4
cmd: $NMCLI connection mod con-xx1 ipv6.gateway ::99
lang: C
returncode: 1
stdout: 0 bytes
>>>

<<<
stderr: 119 bytes
>>>
Error: Failed to modify connection 'con-xx1': ipv6.gateway: gateway cannot be set if there are no addresses configured

<<<
