location: clients/tests/test-client.py:765:test_003()/30
cmd: $NMCLI -f ALL dev show eth0
lang: C
returncode: 0
stdout: 1793 bytes
>>>
GENERAL.DEVICE:                         eth0
GENERAL.TYPE:                           ethernet
GENERAL.NM-TYPE:                        NMDeviceEthernet
GENERAL.VENDOR:                         --
GENERAL.PRODUCT:                        --
GENERAL.DRIVER:                         virtual
GENERAL.DRIVER-VERSION:                 --
GENERAL.FIRMWARE-VERSION:               --
GENERAL.HWADDR:                         72:41:AB:90:41:5D
GENERAL.MTU:                            0
GENERAL.STATE:                          20 (unavailable)
GENERAL.REASON:                         0 (No reason given)
GENERAL.UDI:                            /sys/devices/virtual/eth0
GENERAL.IP-IFACE:                       --
GENERAL.IS-SOFTWARE:                    no
GENERAL.NM-MANAGED:                     yes
GENERAL.AUTOCONNECT:                    yes
GENERAL.FIRMWARE-MISSING:               no
GENERAL.NM-PLUGIN-MISSING:              no
GENERAL.PHYS-PORT-ID:                   --
GENERAL.CONNECTION:                     ethernet
GENERAL.CON-UUID:                       UUID-ethernet-REPLACED-REPLACED-REPL
GENERAL.CON-PATH:                       /org/freedesktop/NetworkManager/ActiveConnection/1
GENERAL.METERED:                        unknown
CAPABILITIES.CARRIER-DETECT:            no
CAPABILITIES.SPEED:                     100 Mb/s
CAPABILITIES.IS-SOFTWARE:               no
CAPABILITIES.SRIOV:                     no
WIRED-PROPERTIES.CARRIER:               off
CONNECTIONS.AVAILABLE-CONNECTION-PATHS: /org/freedesktop/NetworkManager/Settings/{3,2,1}
CONNECTIONS.AVAILABLE-CONNECTIONS[1]:   UUID-ethernet-REPLACED-REPLACED-REPL | ethernet
CONNECTIONS.AVAILABLE-CONNECTIONS[2]:   UUID-con-xx1-REPLACED-REPLACED-REPLA | con-xx1
CONNECTIONS.AVAILABLE-CONNECTIONS[3]:   5fcfd6d7-1e63-3332-8826-a7eda103792d | con-1

<<<
stderr: 0 bytes
>>>

<<<
