location: clients/tests/test-client.py:930:test_004()/12
cmd: $NMCLI con s
lang: pl_PL.UTF-8
returncode: 0
stdout: 268 bytes
>>>
NAME       UUID                                  TYPE      DEVICE 
con-1      5fcfd6d7-1e63-3332-8826-a7eda103792d  ethernet  --     
con-vpn-1  UUID-con-vpn-1-REPLACED-REPLACED-REP  vpn       --     
con-xx1    UUID-con-xx1-REPLACED-REPLACED-REPLA  wifi      --     

<<<
stderr: 0 bytes
>>>

<<<
