location: clients/tests/test-client.py:877:test_003()/61
cmd: $NMCLI -f UUID,TYPE --mode multiline con
lang: C
returncode: 0
stdout: 378 bytes
>>>
UUID:                                   UUID-ethernet-REPLACED-REPLACED-REPL
TYPE:                                   ethernet
UUID:                                   5fcfd6d7-1e63-3332-8826-a7eda103792d
TYPE:                                   ethernet
UUID:                                   UUID-con-xx1-REPLACED-REPLACED-REPLA
TYPE:                                   ethernet

<<<
stderr: 0 bytes
>>>

<<<
