location: clients/tests/test-client.py:851:test_003()/51
cmd: $NMCLI -f ALL dev s eth0
lang: C
returncode: 0
stdout: 1056 bytes
>>>
DEVICE  TYPE      STATE        DBUS-PATH                                  CONNECTION  CON-UUID                              CON-PATH                                           
wlan0   wifi      unavailable  /org/freedesktop/NetworkManager/Devices/3  --          --                                    --                                                 
wlan1   wifi      unavailable  /org/freedesktop/NetworkManager/Devices/4  --          --                                    --                                                 
wlan1   wifi      unavailable  /org/freedesktop/NetworkManager/Devices/5  --          --                                    --                                                 
eth0    ethernet  unavailable  /org/freedesktop/NetworkManager/Devices/1  ethernet    UUID-ethernet-REPLACED-REPLACED-REPL  /org/freedesktop/NetworkManager/ActiveConnection/1 
eth1    ethernet  unavailable  /org/freedesktop/NetworkManager/Devices/2  ethernet    UUID-ethernet-REPLACED-REPLACED-REPL  /org/freedesktop/NetworkManager/ActiveConnection/2 

<<<
stderr: 24 bytes
>>>
Unknown parameter: eth0

<<<
