location: clients/tests/test-client.py:884:test_003()/134
cmd: $NMCLI --mode tabular --color yes c s /org/freedesktop/NetworkManager/ActiveConnection/1
lang: pl_PL.UTF-8
returncode: 0
stdout: 2748 bytes
>>>
name        id        uuid                                  stable-id  type            interface-name  autoconnect  autoconnect-priority  autoconnect-retries  auth-retries  timestamp  read-only  permissions  zone  master  slave-type  autoconnect-slaves  secondaries  gateway-ping-timeout  metered   lldp     mdns         
connection  ethernet  UUID-ethernet-REPLACED-REPLACED-REPL  --         802-3-ethernet  --              tak          0                     -1 (default)         -1            0          nie        --           --    --      --          -1 (default)        --           0                     nieznane  default  -1 (default) 

name            port  speed  duplex  auto-negotiate  mac-address  cloned-mac-address  generate-mac-address-mask  mac-address-blacklist  mtu           s390-subchannels  s390-nettype  s390-options  wake-on-lan  wake-on-lan-password 
802-3-ethernet  --    0      --      nie             --           --                  --                         --                     automatyczne  --                --            --            default      --                   

name  method  dns  dns-search  dns-options  dns-priority  addresses  gateway  routes  route-metric  route-table  ignore-auto-routes  ignore-auto-dns  dhcp-client-id  dhcp-timeout  dhcp-send-hostname  dhcp-hostname  dhcp-fqdn  never-default  may-fail  dad-timeout  
ipv4  auto    --   --          ""           0             --         --       --      -1            0 (unspec)   nie                 nie              --              0 (default)   tak                 --             --         nie            tak       -1 (default) 

name  method  dns  dns-search  dns-options  dns-priority  addresses  gateway  routes  route-metric  route-table  ignore-auto-routes  ignore-auto-dns  never-default  may-fail  ip6-privacy   addr-gen-mode   dhcp-duid  dhcp-send-hostname  dhcp-hostname  token 
ipv6  auto    --   --          ""           0             --         --       --      -1            0 (unspec)   nie                 nie              nie            tak       -1 (unknown)  stable-privacy  --         tak                 --             --    

name   method  browser-only  pac-url  pac-script 
proxy  none    nie           --       --         

GROUP    NAME      UUID                                  DEVICES  STATE           DEFAULT  DEFAULT6  SPEC-OBJECT  VPN  DBUS-PATH                                           CON-PATH                                               ZONE  MASTER-PATH 
GENERAL  ethernet  UUID-ethernet-REPLACED-REPLACED-REPL  eth0     dezaktywowanie  nie      nie       --           nie  /org/freedesktop/NetworkManager/ActiveConnection/1  /org/freedesktop/NetworkManager/Settings/Connection/3  --    --          


<<<
stderr: 0 bytes
>>>

<<<
