location: clients/tests/test-client.py:875:test_003()/388
cmd: $NMCLI --mode multiline --pretty --color yes -f ALL con
lang: pl_PL.UTF-8
returncode: 0
stdout: 4083 bytes
>>>
===============================================================================
                    Profile połączeń usługi NetworkManager
===============================================================================
NAME:                                   [32methernet[0m
UUID:                                   [32mUUID-ethernet-REPLACED-REPLACED-REPL[0m
TYPE:                                   [32methernet[0m
TIMESTAMP:                              [32m--[0m
TIMESTAMP-REAL:                         [32m--[0m
AUTOCONNECT:                            [32m--[0m
AUTOCONNECT-PRIORITY:                   [32m--[0m
READONLY:                               [32m--[0m
DBUS-PATH:                              [32m/org/freedesktop/NetworkManager/Settings/Connection/3[0m
ACTIVE:                                 [32mtak[0m
DEVICE:                                 [32meth1[0m
STATE:                                  [32maktywowano[0m
ACTIVE-PATH:                            [32m/org/freedesktop/NetworkManager/ActiveConnection/2[0m
SLAVE:                                  [32m--[0m
FILENAME:                               [32m/etc/NetworkManager/system-connections/ethernet[0m
-------------------------------------------------------------------------------
NAME:                                   [31methernet[0m
UUID:                                   [31mUUID-ethernet-REPLACED-REPLACED-REPL[0m
TYPE:                                   [31methernet[0m
TIMESTAMP:                              [31m--[0m
TIMESTAMP-REAL:                         [31m--[0m
AUTOCONNECT:                            [31m--[0m
AUTOCONNECT-PRIORITY:                   [31m--[0m
READONLY:                               [31m--[0m
DBUS-PATH:                              [31m/org/freedesktop/NetworkManager/Settings/Connection/3[0m
ACTIVE:                                 [31mtak[0m
DEVICE:                                 [31meth0[0m
STATE:                                  [31mdezaktywowanie[0m
ACTIVE-PATH:                            [31m/org/freedesktop/NetworkManager/ActiveConnection/1[0m
SLAVE:                                  [31m--[0m
FILENAME:                               [31m/etc/NetworkManager/system-connections/ethernet[0m
-------------------------------------------------------------------------------
NAME:                                   con-1
UUID:                                   5fcfd6d7-1e63-3332-8826-a7eda103792d
TYPE:                                   ethernet
TIMESTAMP:                              0
TIMESTAMP-REAL:                         nigdy
AUTOCONNECT:                            tak
AUTOCONNECT-PRIORITY:                   0
READONLY:                               nie
DBUS-PATH:                              /org/freedesktop/NetworkManager/Settings/Connection/1
ACTIVE:                                 nie
DEVICE:                                 --
STATE:                                  --
ACTIVE-PATH:                            --
SLAVE:                                  --
FILENAME:                               /etc/NetworkManager/system-connections/con-1
-------------------------------------------------------------------------------
NAME:                                   con-xx1
UUID:                                   UUID-con-xx1-REPLACED-REPLACED-REPLA
TYPE:                                   ethernet
TIMESTAMP:                              0
TIMESTAMP-REAL:                         nigdy
AUTOCONNECT:                            tak
AUTOCONNECT-PRIORITY:                   0
READONLY:                               nie
DBUS-PATH:                              /org/freedesktop/NetworkManager/Settings/Connection/2
ACTIVE:                                 nie
DEVICE:                                 --
STATE:                                  --
ACTIVE-PATH:                            --
SLAVE:                                  --
FILENAME:                               /etc/NetworkManager/system-connections/con-xx1
-------------------------------------------------------------------------------

<<<
stderr: 0 bytes
>>>

<<<
