location: clients/tests/test-client.py:986:test_004()/171
cmd: $NMCLI --mode multiline --pretty -f COMMON device wifi list
lang: C
returncode: 0
stdout: 2434 bytes
>>>
===============================================================================
                            Wi-Fi scan list (wlan1)
===============================================================================
IN-USE:                                  
SSID:                                   wlan1-ap-4
MODE:                                   Infra
CHAN:                                   1
RATE:                                   54 Mbit/s
SIGNAL:                                 48
BARS:                                   **  
SECURITY:                               WPA1 WPA2
-------------------------------------------------------------------------------

===============================================================================
                            Wi-Fi scan list (wlan1)
===============================================================================

===============================================================================
                            Wi-Fi scan list (wlan0)
===============================================================================
IN-USE:                                  
SSID:                                   wlan0-ap-2
MODE:                                   Infra
CHAN:                                   1
RATE:                                   54 Mbit/s
SIGNAL:                                 92
BARS:                                   ****
SECURITY:                               WPA1 WPA2
-------------------------------------------------------------------------------
IN-USE:                                  
SSID:                                   wlan0-ap-1
MODE:                                   Infra
CHAN:                                   1
RATE:                                   54 Mbit/s
SIGNAL:                                 81
BARS:                                   ****
SECURITY:                               WPA1 WPA2
-------------------------------------------------------------------------------
IN-USE:                                  
SSID:                                   wlan0-ap-3
MODE:                                   Infra
CHAN:                                   1
RATE:                                   54 Mbit/s
SIGNAL:                                 55
BARS:                                   **  
SECURITY:                               WPA1 WPA2
-------------------------------------------------------------------------------

<<<
stderr: 0 bytes
>>>

<<<
