location: clients/tests/test-client.py:979:test_004()/322
cmd: $NMCLI --mode multiline --pretty --color yes -f COMMON device wifi list bssid C0:E2:BE:E8:EF:B6
lang: pl_PL.UTF-8
returncode: 0
stdout: 748 bytes
>>>
===============================================================================
                     Lista skanowania sieci Wi-Fi (wlan0)
===============================================================================
IN-USE:                                 [32m [0m
SSID:                                   [32mwlan0-ap-2[0m
MODE:                                   [32mInfrastruktura[0m
CHAN:                                   [32m1[0m
RATE:                                   [32m54 Mb/s[0m
SIGNAL:                                 [32m92[0m
BARS:                                   [32m****[0m
SECURITY:                               [32mWPA1 WPA2[0m
-------------------------------------------------------------------------------

<<<
stderr: 0 bytes
>>>

<<<
