location: clients/tests/test-client.py:878:test_003()/190
cmd: $NMCLI --mode multiline --color yes -f UUID,TYPE con
lang: pl_PL.UTF-8
returncode: 0
stdout: 396 bytes
>>>
UUID:                                   [32mUUID-ethernet-REPLACED-REPLACED-REPL[0m
TYPE:                                   [32methernet[0m
UUID:                                   5fcfd6d7-1e63-3332-8826-a7eda103792d
TYPE:                                   ethernet
UUID:                                   UUID-con-xx1-REPLACED-REPLACED-REPLA
TYPE:                                   ethernet

<<<
stderr: 0 bytes
>>>

<<<
