location: clients/tests/test-client.py:768:test_002()/3
cmd: $NMCLI -f all d
lang: C
returncode: 0
stdout: 636 bytes
>>>
DEVICE  TYPE      STATE        DBUS-PATH                                  CONNECTION  CON-UUID  CON-PATH 
eth0    ethernet  unavailable  /org/freedesktop/NetworkManager/Devices/1  --          --        --       
eth1    ethernet  unavailable  /org/freedesktop/NetworkManager/Devices/2  --          --        --       
wlan0   wifi      unavailable  /org/freedesktop/NetworkManager/Devices/3  --          --        --       
wlan1   wifi      unavailable  /org/freedesktop/NetworkManager/Devices/4  --          --        --       
wlan1   wifi      unavailable  /org/freedesktop/NetworkManager/Devices/5  --          --        --       

<<<
stderr: 0 bytes
>>>

<<<
