location: clients/tests/test-client.py:836:test_003()/18
cmd: $NMCLI -f ACTIVE-PATH,DEVICE,UUID con s -act
lang: C
returncode: 0
stdout: 196 bytes
>>>
ACTIVE-PATH                                         DEVICE  UUID                                 
/org/freedesktop/NetworkManager/ActiveConnection/1  eth0    UUID-ethernet-REPLACED-REPLACED-REPL 

<<<
stderr: 0 bytes
>>>

<<<
