location: clients/tests/test-client.py:833:test_003()/39
cmd: $NMCLI -f ALL con s -a
lang: C
returncode: 0
stdout: 960 bytes
>>>
NAME      UUID                                  TYPE      TIMESTAMP  TIMESTAMP-REAL  AUTOCONNECT  AUTOCONNECT-PRIORITY  READONLY  DBUS-PATH                                              ACTIVE  DEVICE  STATE      ACTIVE-PATH                                         SLAVE  FILENAME                                        
ethernet  UUID-ethernet-REPLACED-REPLACED-REPL  ethernet  0          never           yes          0                     no        /org/freedesktop/NetworkManager/Settings/Connection/3  yes     eth0    activated  /org/freedesktop/NetworkManager/ActiveConnection/1  --     /etc/NetworkManager/system-connections/ethernet 
ethernet  UUID-ethernet-REPLACED-REPLACED-REPL  ethernet  0          never           yes          0                     no        /org/freedesktop/NetworkManager/Settings/Connection/3  yes     eth1    activated  /org/freedesktop/NetworkManager/ActiveConnection/2  --     /etc/NetworkManager/system-connections/ethernet 

<<<
stderr: 0 bytes
>>>

<<<
