location: clients/tests/test-client.py:989:test_004()/72
cmd: $NMCLI --mode tabular --pretty -f NAME,SSID,SSID-HEX,BSSID,MODE,CHAN,FREQ,RATE,SIGNAL,BARS,SECURITY,WPA-FLAGS,RSN-FLAGS,DEVICE,ACTIVE,IN-USE,DBUS-PATH device wifi list bssid C0:E2:BE:E8:EF:B6
lang: pl_PL.UTF-8
returncode: -5
stdout: 861 bytes
>>>
========================================
  Lista skanowania sieci Wi-Fi (wlan1)
========================================
NAME  SSID  SSID-HEX  BSSID  MODE  CHAN  FREQ  RATE  SIGNAL  BARS  SECURITY  WPA-FLAGS  RSN-FLAGS  DEVICE  ACTIVE  IN-USE  DBUS-PATH 
------------------------------------------------------------------------------------------------------------------------------------------------------------------------------

========================================
  Lista skanowania sieci Wi-Fi (wlan1)
========================================
NAME  SSID  SSID-HEX  BSSID  MODE  CHAN  FREQ  RATE  SIGNAL  BARS  SECURITY  WPA-FLAGS  RSN-FLAGS  DEVICE  ACTIVE  IN-USE  DBUS-PATH 
------------------------------------------------------------------------------------------------------------------------------------------------------------------------------

<<<
stderr: 17 bytes
>>>
<UNSTABLE OUTPUT>
<<<
