location: clients/tests/test-client.py:993:test_004()/52
cmd: $NMCLI -f COMMON device wifi list bssid C0:E2:BE:E8:EF:B6
lang: pl_PL.UTF-8
returncode: 0
stdout: 154 bytes
>>>
IN-USE  SSID        MODE            CHAN  RATE     SIGNAL  BARS  SECURITY  
        wlan0-ap-2  Infrastruktura  1     54 Mb/s  92      ****  WPA1 WPA2 

<<<
stderr: 0 bytes
>>>

<<<
